13:02:58 **** Rebuild of configuration Debug for project Faurecia ****
Info: Internal Builder is used for build
arm-atollic-eabi-gcc -c -mthumb -mcpu=cortex-m0 -std=gnu90 -DSTM32F0XX_MD -DUSE_STDPERIPH_DRIVER -I../src -I..\Libraries\CMSIS\Include -I..\Libraries\CMSIS\Device\ST\STM32F0xx\Include -I..\Libraries\STM32F0xx_StdPeriph_Driver\inc -O0 -ffunction-sections -fdata-sections -g -Wall -o Libraries\STM32F0xx_StdPeriph_Driver\src\stm32f0xx_gpio.o ..\Libraries\STM32F0xx_StdPeriph_Driver\src\stm32f0xx_gpio.c 
arm-atollic-eabi-gcc -c -mthumb -mcpu=cortex-m0 -std=gnu90 -DSTM32F0XX_MD -DUSE_STDPERIPH_DRIVER -I../src -I..\Libraries\CMSIS\Include -I..\Libraries\CMSIS\Device\ST\STM32F0xx\Include -I..\Libraries\STM32F0xx_StdPeriph_Driver\inc -O0 -ffunction-sections -fdata-sections -g -Wall -o Libraries\STM32F0xx_StdPeriph_Driver\src\stm32f0xx_dac.o ..\Libraries\STM32F0xx_StdPeriph_Driver\src\stm32f0xx_dac.c 
arm-atollic-eabi-gcc -c -mthumb -mcpu=cortex-m0 -std=gnu90 -DSTM32F0XX_MD -DUSE_STDPERIPH_DRIVER -I../src -I..\Libraries\CMSIS\Include -I..\Libraries\CMSIS\Device\ST\STM32F0xx\Include -I..\Libraries\STM32F0xx_StdPeriph_Driver\inc -O0 -ffunction-sections -fdata-sections -g -Wall -o Libraries\STM32F0xx_StdPeriph_Driver\src\stm32f0xx_flash.o ..\Libraries\STM32F0xx_StdPeriph_Driver\src\stm32f0xx_flash.c 
arm-atollic-eabi-gcc -c -mthumb -mcpu=cortex-m0 -std=gnu90 -DSTM32F0XX_MD -DUSE_STDPERIPH_DRIVER -I../src -I..\Libraries\CMSIS\Include -I..\Libraries\CMSIS\Device\ST\STM32F0xx\Include -I..\Libraries\STM32F0xx_StdPeriph_Driver\inc -O0 -ffunction-sections -fdata-sections -g -Wall -o Libraries\STM32F0xx_StdPeriph_Driver\src\stm32f0xx_pwr.o ..\Libraries\STM32F0xx_StdPeriph_Driver\src\stm32f0xx_pwr.c 
arm-atollic-eabi-gcc -c -mthumb -mcpu=cortex-m0 -std=gnu90 -DSTM32F0XX_MD -DUSE_STDPERIPH_DRIVER -I../src -I..\Libraries\CMSIS\Include -I..\Libraries\CMSIS\Device\ST\STM32F0xx\Include -I..\Libraries\STM32F0xx_StdPeriph_Driver\inc -O0 -ffunction-sections -fdata-sections -g -Wall -o Libraries\STM32F0xx_StdPeriph_Driver\src\stm32f0xx_iwdg.o ..\Libraries\STM32F0xx_StdPeriph_Driver\src\stm32f0xx_iwdg.c 
arm-atollic-eabi-gcc -c -mthumb -mcpu=cortex-m0 -g -Wa,--warn -x assembler-with-cpp -o src\startup_stm32f0xx.o ..\src\startup_stm32f0xx.s 
arm-atollic-eabi-gcc -c -mthumb -mcpu=cortex-m0 -std=gnu90 -DSTM32F0XX_MD -DUSE_STDPERIPH_DRIVER -I../src -I..\Libraries\CMSIS\Include -I..\Libraries\CMSIS\Device\ST\STM32F0xx\Include -I..\Libraries\STM32F0xx_StdPeriph_Driver\inc -O0 -ffunction-sections -fdata-sections -g -Wall -o Libraries\STM32F0xx_StdPeriph_Driver\src\stm32f0xx_rcc.o ..\Libraries\STM32F0xx_StdPeriph_Driver\src\stm32f0xx_rcc.c 
arm-atollic-eabi-gcc -c -mthumb -mcpu=cortex-m0 -std=gnu90 -DSTM32F0XX_MD -DUSE_STDPERIPH_DRIVER -I../src -I..\Libraries\CMSIS\Include -I..\Libraries\CMSIS\Device\ST\STM32F0xx\Include -I..\Libraries\STM32F0xx_StdPeriph_Driver\inc -O0 -ffunction-sections -fdata-sections -g -Wall -o Libraries\STM32F0xx_StdPeriph_Driver\src\stm32f0xx_crs.o ..\Libraries\STM32F0xx_StdPeriph_Driver\src\stm32f0xx_crs.c 
arm-atollic-eabi-gcc -c -mthumb -mcpu=cortex-m0 -std=gnu90 -DSTM32F0XX_MD -DUSE_STDPERIPH_DRIVER -I../src -I..\Libraries\CMSIS\Include -I..\Libraries\CMSIS\Device\ST\STM32F0xx\Include -I..\Libraries\STM32F0xx_StdPeriph_Driver\inc -O0 -ffunction-sections -fdata-sections -g -Wall -o src\main.o ..\src\main.c 
arm-atollic-eabi-gcc -c -mthumb -mcpu=cortex-m0 -std=gnu90 -DSTM32F0XX_MD -DUSE_STDPERIPH_DRIVER -I../src -I..\Libraries\CMSIS\Include -I..\Libraries\CMSIS\Device\ST\STM32F0xx\Include -I..\Libraries\STM32F0xx_StdPeriph_Driver\inc -O0 -ffunction-sections -fdata-sections -g -Wall -o Libraries\STM32F0xx_StdPeriph_Driver\src\stm32f0xx_dbgmcu.o ..\Libraries\STM32F0xx_StdPeriph_Driver\src\stm32f0xx_dbgmcu.c 
arm-atollic-eabi-gcc -c -mthumb -mcpu=cortex-m0 -std=gnu90 -DSTM32F0XX_MD -DUSE_STDPERIPH_DRIVER -I../src -I..\Libraries\CMSIS\Include -I..\Libraries\CMSIS\Device\ST\STM32F0xx\Include -I..\Libraries\STM32F0xx_StdPeriph_Driver\inc -O0 -ffunction-sections -fdata-sections -g -Wall -o Libraries\STM32F0xx_StdPeriph_Driver\src\stm32f0xx_syscfg.o ..\Libraries\STM32F0xx_StdPeriph_Driver\src\stm32f0xx_syscfg.c 
arm-atollic-eabi-gcc -c -mthumb -mcpu=cortex-m0 -std=gnu90 -DSTM32F0XX_MD -DUSE_STDPERIPH_DRIVER -I../src -I..\Libraries\CMSIS\Include -I..\Libraries\CMSIS\Device\ST\STM32F0xx\Include -I..\Libraries\STM32F0xx_StdPeriph_Driver\inc -O0 -ffunction-sections -fdata-sections -g -Wall -o Libraries\STM32F0xx_StdPeriph_Driver\src\stm32f0xx_comp.o ..\Libraries\STM32F0xx_StdPeriph_Driver\src\stm32f0xx_comp.c 
arm-atollic-eabi-gcc -c -mthumb -mcpu=cortex-m0 -std=gnu90 -DSTM32F0XX_MD -DUSE_STDPERIPH_DRIVER -I../src -I..\Libraries\CMSIS\Include -I..\Libraries\CMSIS\Device\ST\STM32F0xx\Include -I..\Libraries\STM32F0xx_StdPeriph_Driver\inc -O0 -ffunction-sections -fdata-sections -g -Wall -o Libraries\STM32F0xx_StdPeriph_Driver\src\stm32f0xx_rtc.o ..\Libraries\STM32F0xx_StdPeriph_Driver\src\stm32f0xx_rtc.c 
arm-atollic-eabi-gcc -c -mthumb -mcpu=cortex-m0 -std=gnu90 -DSTM32F0XX_MD -DUSE_STDPERIPH_DRIVER -I../src -I..\Libraries\CMSIS\Include -I..\Libraries\CMSIS\Device\ST\STM32F0xx\Include -I..\Libraries\STM32F0xx_StdPeriph_Driver\inc -O0 -ffunction-sections -fdata-sections -g -Wall -o Libraries\STM32F0xx_StdPeriph_Driver\src\stm32f0xx_crc.o ..\Libraries\STM32F0xx_StdPeriph_Driver\src\stm32f0xx_crc.c 
arm-atollic-eabi-gcc -c -mthumb -mcpu=cortex-m0 -std=gnu90 -DSTM32F0XX_MD -DUSE_STDPERIPH_DRIVER -I../src -I..\Libraries\CMSIS\Include -I..\Libraries\CMSIS\Device\ST\STM32F0xx\Include -I..\Libraries\STM32F0xx_StdPeriph_Driver\inc -O0 -ffunction-sections -fdata-sections -g -Wall -o Libraries\STM32F0xx_StdPeriph_Driver\src\stm32f0xx_tim.o ..\Libraries\STM32F0xx_StdPeriph_Driver\src\stm32f0xx_tim.c 
arm-atollic-eabi-gcc -c -mthumb -mcpu=cortex-m0 -std=gnu90 -DSTM32F0XX_MD -DUSE_STDPERIPH_DRIVER -I../src -I..\Libraries\CMSIS\Include -I..\Libraries\CMSIS\Device\ST\STM32F0xx\Include -I..\Libraries\STM32F0xx_StdPeriph_Driver\inc -O0 -ffunction-sections -fdata-sections -g -Wall -o Libraries\STM32F0xx_StdPeriph_Driver\src\stm32f0xx_can.o ..\Libraries\STM32F0xx_StdPeriph_Driver\src\stm32f0xx_can.c 
arm-atollic-eabi-gcc -c -mthumb -mcpu=cortex-m0 -std=gnu90 -DSTM32F0XX_MD -DUSE_STDPERIPH_DRIVER -I../src -I..\Libraries\CMSIS\Include -I..\Libraries\CMSIS\Device\ST\STM32F0xx\Include -I..\Libraries\STM32F0xx_StdPeriph_Driver\inc -O0 -ffunction-sections -fdata-sections -g -Wall -o Libraries\STM32F0xx_StdPeriph_Driver\src\stm32f0xx_usart.o ..\Libraries\STM32F0xx_StdPeriph_Driver\src\stm32f0xx_usart.c 
arm-atollic-eabi-gcc -c -mthumb -mcpu=cortex-m0 -std=gnu90 -DSTM32F0XX_MD -DUSE_STDPERIPH_DRIVER -I../src -I..\Libraries\CMSIS\Include -I..\Libraries\CMSIS\Device\ST\STM32F0xx\Include -I..\Libraries\STM32F0xx_StdPeriph_Driver\inc -O0 -ffunction-sections -fdata-sections -g -Wall -o Libraries\STM32F0xx_StdPeriph_Driver\src\stm32f0xx_wwdg.o ..\Libraries\STM32F0xx_StdPeriph_Driver\src\stm32f0xx_wwdg.c 
arm-atollic-eabi-gcc -c -mthumb -mcpu=cortex-m0 -std=gnu90 -DSTM32F0XX_MD -DUSE_STDPERIPH_DRIVER -I../src -I..\Libraries\CMSIS\Include -I..\Libraries\CMSIS\Device\ST\STM32F0xx\Include -I..\Libraries\STM32F0xx_StdPeriph_Driver\inc -O0 -ffunction-sections -fdata-sections -g -Wall -o src\system_stm32f0xx.o ..\src\system_stm32f0xx.c 
arm-atollic-eabi-gcc -c -mthumb -mcpu=cortex-m0 -std=gnu90 -DSTM32F0XX_MD -DUSE_STDPERIPH_DRIVER -I../src -I..\Libraries\CMSIS\Include -I..\Libraries\CMSIS\Device\ST\STM32F0xx\Include -I..\Libraries\STM32F0xx_StdPeriph_Driver\inc -O0 -ffunction-sections -fdata-sections -g -Wall -o Libraries\STM32F0xx_StdPeriph_Driver\src\stm32f0xx_spi.o ..\Libraries\STM32F0xx_StdPeriph_Driver\src\stm32f0xx_spi.c 
arm-atollic-eabi-gcc -c -mthumb -mcpu=cortex-m0 -std=gnu90 -DSTM32F0XX_MD -DUSE_STDPERIPH_DRIVER -I../src -I..\Libraries\CMSIS\Include -I..\Libraries\CMSIS\Device\ST\STM32F0xx\Include -I..\Libraries\STM32F0xx_StdPeriph_Driver\inc -O0 -ffunction-sections -fdata-sections -g -Wall -o src\stm32f0xx_it.o ..\src\stm32f0xx_it.c 
arm-atollic-eabi-gcc -c -mthumb -mcpu=cortex-m0 -std=gnu90 -DSTM32F0XX_MD -DUSE_STDPERIPH_DRIVER -I../src -I..\Libraries\CMSIS\Include -I..\Libraries\CMSIS\Device\ST\STM32F0xx\Include -I..\Libraries\STM32F0xx_StdPeriph_Driver\inc -O0 -ffunction-sections -fdata-sections -g -Wall -o Libraries\STM32F0xx_StdPeriph_Driver\src\stm32f0xx_misc.o ..\Libraries\STM32F0xx_StdPeriph_Driver\src\stm32f0xx_misc.c 
arm-atollic-eabi-gcc -c -mthumb -mcpu=cortex-m0 -std=gnu90 -DSTM32F0XX_MD -DUSE_STDPERIPH_DRIVER -I../src -I..\Libraries\CMSIS\Include -I..\Libraries\CMSIS\Device\ST\STM32F0xx\Include -I..\Libraries\STM32F0xx_StdPeriph_Driver\inc -O0 -ffunction-sections -fdata-sections -g -Wall -o Libraries\STM32F0xx_StdPeriph_Driver\src\stm32f0xx_exti.o ..\Libraries\STM32F0xx_StdPeriph_Driver\src\stm32f0xx_exti.c 
arm-atollic-eabi-gcc -c -mthumb -mcpu=cortex-m0 -std=gnu90 -DSTM32F0XX_MD -DUSE_STDPERIPH_DRIVER -I../src -I..\Libraries\CMSIS\Include -I..\Libraries\CMSIS\Device\ST\STM32F0xx\Include -I..\Libraries\STM32F0xx_StdPeriph_Driver\inc -O0 -ffunction-sections -fdata-sections -g -Wall -o src\tiny_printf.o ..\src\tiny_printf.c 
arm-atollic-eabi-gcc -c -mthumb -mcpu=cortex-m0 -std=gnu90 -DSTM32F0XX_MD -DUSE_STDPERIPH_DRIVER -I../src -I..\Libraries\CMSIS\Include -I..\Libraries\CMSIS\Device\ST\STM32F0xx\Include -I..\Libraries\STM32F0xx_StdPeriph_Driver\inc -O0 -ffunction-sections -fdata-sections -g -Wall -o Libraries\STM32F0xx_StdPeriph_Driver\src\stm32f0xx_cec.o ..\Libraries\STM32F0xx_StdPeriph_Driver\src\stm32f0xx_cec.c 
arm-atollic-eabi-gcc -c -mthumb -mcpu=cortex-m0 -std=gnu90 -DSTM32F0XX_MD -DUSE_STDPERIPH_DRIVER -I../src -I..\Libraries\CMSIS\Include -I..\Libraries\CMSIS\Device\ST\STM32F0xx\Include -I..\Libraries\STM32F0xx_StdPeriph_Driver\inc -O0 -ffunction-sections -fdata-sections -g -Wall -o Libraries\STM32F0xx_StdPeriph_Driver\src\stm32f0xx_i2c.o ..\Libraries\STM32F0xx_StdPeriph_Driver\src\stm32f0xx_i2c.c 
arm-atollic-eabi-gcc -c -mthumb -mcpu=cortex-m0 -std=gnu90 -DSTM32F0XX_MD -DUSE_STDPERIPH_DRIVER -I../src -I..\Libraries\CMSIS\Include -I..\Libraries\CMSIS\Device\ST\STM32F0xx\Include -I..\Libraries\STM32F0xx_StdPeriph_Driver\inc -O0 -ffunction-sections -fdata-sections -g -Wall -o Libraries\STM32F0xx_StdPeriph_Driver\src\stm32f0xx_adc.o ..\Libraries\STM32F0xx_StdPeriph_Driver\src\stm32f0xx_adc.c 
arm-atollic-eabi-gcc -c -mthumb -mcpu=cortex-m0 -std=gnu90 -DSTM32F0XX_MD -DUSE_STDPERIPH_DRIVER -I../src -I..\Libraries\CMSIS\Include -I..\Libraries\CMSIS\Device\ST\STM32F0xx\Include -I..\Libraries\STM32F0xx_StdPeriph_Driver\inc -O0 -ffunction-sections -fdata-sections -g -Wall -o Libraries\STM32F0xx_StdPeriph_Driver\src\stm32f0xx_dma.o ..\Libraries\STM32F0xx_StdPeriph_Driver\src\stm32f0xx_dma.c 
arm-atollic-eabi-gcc src\tiny_printf.o src\system_stm32f0xx.o src\stm32f0xx_it.o src\startup_stm32f0xx.o src\main.o Libraries\STM32F0xx_StdPeriph_Driver\src\stm32f0xx_wwdg.o Libraries\STM32F0xx_StdPeriph_Driver\src\stm32f0xx_usart.o Libraries\STM32F0xx_StdPeriph_Driver\src\stm32f0xx_tim.o Libraries\STM32F0xx_StdPeriph_Driver\src\stm32f0xx_syscfg.o Libraries\STM32F0xx_StdPeriph_Driver\src\stm32f0xx_spi.o Libraries\STM32F0xx_StdPeriph_Driver\src\stm32f0xx_rtc.o Libraries\STM32F0xx_StdPeriph_Driver\src\stm32f0xx_rcc.o Libraries\STM32F0xx_StdPeriph_Driver\src\stm32f0xx_pwr.o Libraries\STM32F0xx_StdPeriph_Driver\src\stm32f0xx_misc.o Libraries\STM32F0xx_StdPeriph_Driver\src\stm32f0xx_iwdg.o Libraries\STM32F0xx_StdPeriph_Driver\src\stm32f0xx_i2c.o Libraries\STM32F0xx_StdPeriph_Driver\src\stm32f0xx_gpio.o Libraries\STM32F0xx_StdPeriph_Driver\src\stm32f0xx_flash.o Libraries\STM32F0xx_StdPeriph_Driver\src\stm32f0xx_exti.o Libraries\STM32F0xx_StdPeriph_Driver\src\stm32f0xx_dma.o Libraries\STM32F0xx_StdPeriph_Driver\src\stm32f0xx_dbgmcu.o Libraries\STM32F0xx_StdPeriph_Driver\src\stm32f0xx_dac.o Libraries\STM32F0xx_StdPeriph_Driver\src\stm32f0xx_crs.o Libraries\STM32F0xx_StdPeriph_Driver\src\stm32f0xx_crc.o Libraries\STM32F0xx_StdPeriph_Driver\src\stm32f0xx_comp.o Libraries\STM32F0xx_StdPeriph_Driver\src\stm32f0xx_cec.o Libraries\STM32F0xx_StdPeriph_Driver\src\stm32f0xx_can.o Libraries\STM32F0xx_StdPeriph_Driver\src\stm32f0xx_adc.o -o Faurecia.elf -mthumb -mcpu=cortex-m0 -T..\stm32_flash.ld -Wl,--start-group -lc -lm -Wl,--end-group -static -Wl,-cref,-u,Reset_Handler -Wl,-Map=Faurecia.map -Wl,--gc-sections -Wl,--defsym=malloc_getpagesize_P=0x1000 
D:\Program Files (x86)\TrueSTUDIO for ARM Lite 5.0.0\ide\jre\bin\java -jar D:\Program Files (x86)\TrueSTUDIO for ARM Lite 5.0.0\Tools\arm-atollic-reports.jar sizeinfo Faurecia.elf 
Generate build reports...
Print size information
   text	   data	    bss	    dec	    hex	filename
   1652	     28	    164	   1844	    734	Faurecia.elf
Print size information done
Generate build reports done

13:03:10 Build Finished (took 12s.378ms)

