19:21:55 **** Clean-only build of configuration Debug for project SynerGolf ****
rm -rf Libraries/STM32F10x_StdPeriph_Driver/src/stm32f10x_rtc.d Libraries/STM32F10x_StdPeriph_Driver/src/stm32f10x_iwdg.o Libraries/STM32F10x_StdPeriph_Driver/src/stm32f10x_can.d Libraries/STM32F10x_StdPeriph_Driver/src/stm32f10x_rtc.o Libraries/STM32F10x_StdPeriph_Driver/src/stm32f10x_flash.o src/ADC.d Libraries/STM32F10x_StdPeriph_Driver/src/stm32f10x_can.o src/tiny_printf.o src/ADC.o src/NVIC.d src/USART.o Libraries/STM32F10x_StdPeriph_Driver/src/stm32f10x_spi.d Libraries/STM32F10x_StdPeriph_Driver/src/stm32f10x_dma.o Libraries/STM32F10x_StdPeriph_Driver/src/stm32f10x_i2c.o src/tiny_printf.d src/APBClocks.o src/LED.d Libraries/STM32F10x_StdPeriph_Driver/src/stm32f10x_i2c.d src/APBClocks.d src/LED.o Libraries/STM32F10x_StdPeriph_Driver/src/stm32f10x_sdio.o Libraries/STM32F10x_StdPeriph_Driver/src/stm32f10x_dma.d Libraries/STM32F10x_StdPeriph_Driver/src/stm32f10x_cec.o Libraries/STM32F10x_StdPeriph_Driver/src/stm32f10x_tim.d Libraries/STM32F10x_StdPeriph_Driver/src/stm32f10x_fsmc.d Libraries/STM32F10x_StdPeriph_Driver/src/stm32f10x_cec.d Libraries/STM32F10x_StdPeriph_Driver/src/stm32f10x_fsmc.o src/USART.d src/NVIC.o Libraries/STM32F10x_StdPeriph_Driver/src/stm32f10x_tim.o SynerGolf.elf src/system_stm32f10x.o Libraries/STM32F10x_StdPeriph_Driver/src/stm32f10x_bkp.d src/system_stm32f10x.d Libraries/STM32F10x_StdPeriph_Driver/src/stm32f10x_bkp.o Libraries/STM32F10x_StdPeriph_Driver/src/stm32f10x_gpio.o Libraries/STM32F10x_StdPeriph_Driver/src/stm32f10x_rcc.d Libraries/STM32F10x_StdPeriph_Driver/src/misc.o src/main.d Libraries/STM32F10x_StdPeriph_Driver/src/misc.d Libraries/STM32F10x_StdPeriph_Driver/src/stm32f10x_exti.o src/main.o SynerGolf Libraries/STM32F10x_StdPeriph_Driver/src/stm32f10x_rcc.o Libraries/STM32F10x_StdPeriph_Driver/src/stm32f10x_dac.d Libraries/STM32F10x_StdPeriph_Driver/src/stm32f10x_gpio.d Libraries/STM32F10x_StdPeriph_Driver/src/stm32f10x_exti.d Libraries/STM32F10x_StdPeriph_Driver/src/stm32f10x_dac.o Libraries/STM32F10x_StdPeriph_Driver/src/stm32f10x_adc.o Libraries/STM32F10x_StdPeriph_Driver/src/stm32f10x_sdio.d Libraries/STM32F10x_StdPeriph_Driver/src/stm32f10x_spi.o Libraries/STM32F10x_StdPeriph_Driver/src/stm32f10x_pwr.o src/motor.d Libraries/STM32F10x_StdPeriph_Driver/src/stm32f10x_adc.d src/I2C.d Libraries/STM32F10x_StdPeriph_Driver/src/stm32f10x_dbgmcu.o Libraries/STM32F10x_StdPeriph_Driver/src/stm32f10x_crc.o src/motor.o Libraries/STM32F10x_StdPeriph_Driver/src/stm32f10x_crc.d src/I2C.o Libraries/STM32F10x_StdPeriph_Driver/src/stm32f10x_flash.d Libraries/STM32F10x_StdPeriph_Driver/src/stm32f10x_dbgmcu.d src/startup_stm32f10x_md.o Libraries/STM32F10x_StdPeriph_Driver/src/stm32f10x_usart.o Libraries/STM32F10x_StdPeriph_Driver/src/stm32f10x_wwdg.d Libraries/STM32F10x_StdPeriph_Driver/src/stm32f10x_usart.d Libraries/STM32F10x_StdPeriph_Driver/src/stm32f10x_iwdg.d Libraries/STM32F10x_StdPeriph_Driver/src/stm32f10x_wwdg.o Libraries/STM32F10x_StdPeriph_Driver/src/stm32f10x_pwr.d src/SysTick.d src/SysTick.o 
19:21:58 **** Rebuild of configuration Debug for project SynerGolf ****
Info: Internal Builder is used for build
arm-atollic-eabi-gcc -c -mthumb -mcpu=cortex-m3 -std=gnu90 -DSTM32F10X_MD -DUSE_STDPERIPH_DRIVER -I../src -I..\Libraries\STM32F10x_StdPeriph_Driver\inc -I..\Libraries\CMSIS\Device\ST\STM32F10x\Include -I..\Libraries\CMSIS\Include -O0 -ffunction-sections -fdata-sections -g -Wall -o Libraries\STM32F10x_StdPeriph_Driver\src\stm32f10x_dbgmcu.o ..\Libraries\STM32F10x_StdPeriph_Driver\src\stm32f10x_dbgmcu.c 
arm-atollic-eabi-gcc -c -mthumb -mcpu=cortex-m3 -std=gnu90 -DSTM32F10X_MD -DUSE_STDPERIPH_DRIVER -I../src -I..\Libraries\STM32F10x_StdPeriph_Driver\inc -I..\Libraries\CMSIS\Device\ST\STM32F10x\Include -I..\Libraries\CMSIS\Include -O0 -ffunction-sections -fdata-sections -g -Wall -o src\tiny_printf.o ..\src\tiny_printf.c 
arm-atollic-eabi-gcc -c -mthumb -mcpu=cortex-m3 -std=gnu90 -DSTM32F10X_MD -DUSE_STDPERIPH_DRIVER -I../src -I..\Libraries\STM32F10x_StdPeriph_Driver\inc -I..\Libraries\CMSIS\Device\ST\STM32F10x\Include -I..\Libraries\CMSIS\Include -O0 -ffunction-sections -fdata-sections -g -Wall -o Libraries\STM32F10x_StdPeriph_Driver\src\stm32f10x_bkp.o ..\Libraries\STM32F10x_StdPeriph_Driver\src\stm32f10x_bkp.c 
arm-atollic-eabi-gcc -c -mthumb -mcpu=cortex-m3 -std=gnu90 -DSTM32F10X_MD -DUSE_STDPERIPH_DRIVER -I../src -I..\Libraries\STM32F10x_StdPeriph_Driver\inc -I..\Libraries\CMSIS\Device\ST\STM32F10x\Include -I..\Libraries\CMSIS\Include -O0 -ffunction-sections -fdata-sections -g -Wall -o src\ADC.o ..\src\ADC.c 
arm-atollic-eabi-gcc -c -mthumb -mcpu=cortex-m3 -std=gnu90 -DSTM32F10X_MD -DUSE_STDPERIPH_DRIVER -I../src -I..\Libraries\STM32F10x_StdPeriph_Driver\inc -I..\Libraries\CMSIS\Device\ST\STM32F10x\Include -I..\Libraries\CMSIS\Include -O0 -ffunction-sections -fdata-sections -g -Wall -o Libraries\STM32F10x_StdPeriph_Driver\src\stm32f10x_sdio.o ..\Libraries\STM32F10x_StdPeriph_Driver\src\stm32f10x_sdio.c 
arm-atollic-eabi-gcc -c -mthumb -mcpu=cortex-m3 -std=gnu90 -DSTM32F10X_MD -DUSE_STDPERIPH_DRIVER -I../src -I..\Libraries\STM32F10x_StdPeriph_Driver\inc -I..\Libraries\CMSIS\Device\ST\STM32F10x\Include -I..\Libraries\CMSIS\Include -O0 -ffunction-sections -fdata-sections -g -Wall -o Libraries\STM32F10x_StdPeriph_Driver\src\stm32f10x_iwdg.o ..\Libraries\STM32F10x_StdPeriph_Driver\src\stm32f10x_iwdg.c 
arm-atollic-eabi-gcc -c -mthumb -mcpu=cortex-m3 -std=gnu90 -DSTM32F10X_MD -DUSE_STDPERIPH_DRIVER -I../src -I..\Libraries\STM32F10x_StdPeriph_Driver\inc -I..\Libraries\CMSIS\Device\ST\STM32F10x\Include -I..\Libraries\CMSIS\Include -O0 -ffunction-sections -fdata-sections -g -Wall -o Libraries\STM32F10x_StdPeriph_Driver\src\stm32f10x_exti.o ..\Libraries\STM32F10x_StdPeriph_Driver\src\stm32f10x_exti.c 
arm-atollic-eabi-gcc -c -mthumb -mcpu=cortex-m3 -std=gnu90 -DSTM32F10X_MD -DUSE_STDPERIPH_DRIVER -I../src -I..\Libraries\STM32F10x_StdPeriph_Driver\inc -I..\Libraries\CMSIS\Device\ST\STM32F10x\Include -I..\Libraries\CMSIS\Include -O0 -ffunction-sections -fdata-sections -g -Wall -o Libraries\STM32F10x_StdPeriph_Driver\src\stm32f10x_dma.o ..\Libraries\STM32F10x_StdPeriph_Driver\src\stm32f10x_dma.c 
arm-atollic-eabi-gcc -c -mthumb -mcpu=cortex-m3 -std=gnu90 -DSTM32F10X_MD -DUSE_STDPERIPH_DRIVER -I../src -I..\Libraries\STM32F10x_StdPeriph_Driver\inc -I..\Libraries\CMSIS\Device\ST\STM32F10x\Include -I..\Libraries\CMSIS\Include -O0 -ffunction-sections -fdata-sections -g -Wall -o src\SysTick.o ..\src\SysTick.c 
arm-atollic-eabi-gcc -c -mthumb -mcpu=cortex-m3 -std=gnu90 -DSTM32F10X_MD -DUSE_STDPERIPH_DRIVER -I../src -I..\Libraries\STM32F10x_StdPeriph_Driver\inc -I..\Libraries\CMSIS\Device\ST\STM32F10x\Include -I..\Libraries\CMSIS\Include -O0 -ffunction-sections -fdata-sections -g -Wall -o src\NVIC.o ..\src\NVIC.c 
arm-atollic-eabi-gcc -c -mthumb -mcpu=cortex-m3 -std=gnu90 -DSTM32F10X_MD -DUSE_STDPERIPH_DRIVER -I../src -I..\Libraries\STM32F10x_StdPeriph_Driver\inc -I..\Libraries\CMSIS\Device\ST\STM32F10x\Include -I..\Libraries\CMSIS\Include -O0 -ffunction-sections -fdata-sections -g -Wall -o Libraries\STM32F10x_StdPeriph_Driver\src\stm32f10x_rcc.o ..\Libraries\STM32F10x_StdPeriph_Driver\src\stm32f10x_rcc.c 
arm-atollic-eabi-gcc -c -mthumb -mcpu=cortex-m3 -std=gnu90 -DSTM32F10X_MD -DUSE_STDPERIPH_DRIVER -I../src -I..\Libraries\STM32F10x_StdPeriph_Driver\inc -I..\Libraries\CMSIS\Device\ST\STM32F10x\Include -I..\Libraries\CMSIS\Include -O0 -ffunction-sections -fdata-sections -g -Wall -o Libraries\STM32F10x_StdPeriph_Driver\src\stm32f10x_cec.o ..\Libraries\STM32F10x_StdPeriph_Driver\src\stm32f10x_cec.c 
arm-atollic-eabi-gcc -c -mthumb -mcpu=cortex-m3 -std=gnu90 -DSTM32F10X_MD -DUSE_STDPERIPH_DRIVER -I../src -I..\Libraries\STM32F10x_StdPeriph_Driver\inc -I..\Libraries\CMSIS\Device\ST\STM32F10x\Include -I..\Libraries\CMSIS\Include -O0 -ffunction-sections -fdata-sections -g -Wall -o Libraries\STM32F10x_StdPeriph_Driver\src\stm32f10x_usart.o ..\Libraries\STM32F10x_StdPeriph_Driver\src\stm32f10x_usart.c 
arm-atollic-eabi-gcc -c -mthumb -mcpu=cortex-m3 -std=gnu90 -DSTM32F10X_MD -DUSE_STDPERIPH_DRIVER -I../src -I..\Libraries\STM32F10x_StdPeriph_Driver\inc -I..\Libraries\CMSIS\Device\ST\STM32F10x\Include -I..\Libraries\CMSIS\Include -O0 -ffunction-sections -fdata-sections -g -Wall -o Libraries\STM32F10x_StdPeriph_Driver\src\stm32f10x_i2c.o ..\Libraries\STM32F10x_StdPeriph_Driver\src\stm32f10x_i2c.c 
arm-atollic-eabi-gcc -c -mthumb -mcpu=cortex-m3 -std=gnu90 -DSTM32F10X_MD -DUSE_STDPERIPH_DRIVER -I../src -I..\Libraries\STM32F10x_StdPeriph_Driver\inc -I..\Libraries\CMSIS\Device\ST\STM32F10x\Include -I..\Libraries\CMSIS\Include -O0 -ffunction-sections -fdata-sections -g -Wall -o src\I2C.o ..\src\I2C.c 
arm-atollic-eabi-gcc -c -mthumb -mcpu=cortex-m3 -std=gnu90 -DSTM32F10X_MD -DUSE_STDPERIPH_DRIVER -I../src -I..\Libraries\STM32F10x_StdPeriph_Driver\inc -I..\Libraries\CMSIS\Device\ST\STM32F10x\Include -I..\Libraries\CMSIS\Include -O0 -ffunction-sections -fdata-sections -g -Wall -o Libraries\STM32F10x_StdPeriph_Driver\src\stm32f10x_crc.o ..\Libraries\STM32F10x_StdPeriph_Driver\src\stm32f10x_crc.c 
arm-atollic-eabi-gcc -c -mthumb -mcpu=cortex-m3 -std=gnu90 -DSTM32F10X_MD -DUSE_STDPERIPH_DRIVER -I../src -I..\Libraries\STM32F10x_StdPeriph_Driver\inc -I..\Libraries\CMSIS\Device\ST\STM32F10x\Include -I..\Libraries\CMSIS\Include -O0 -ffunction-sections -fdata-sections -g -Wall -o Libraries\STM32F10x_StdPeriph_Driver\src\misc.o ..\Libraries\STM32F10x_StdPeriph_Driver\src\misc.c 
arm-atollic-eabi-gcc -c -mthumb -mcpu=cortex-m3 -std=gnu90 -DSTM32F10X_MD -DUSE_STDPERIPH_DRIVER -I../src -I..\Libraries\STM32F10x_StdPeriph_Driver\inc -I..\Libraries\CMSIS\Device\ST\STM32F10x\Include -I..\Libraries\CMSIS\Include -O0 -ffunction-sections -fdata-sections -g -Wall -o src\main.o ..\src\main.c 
arm-atollic-eabi-gcc -c -mthumb -mcpu=cortex-m3 -std=gnu90 -DSTM32F10X_MD -DUSE_STDPERIPH_DRIVER -I../src -I..\Libraries\STM32F10x_StdPeriph_Driver\inc -I..\Libraries\CMSIS\Device\ST\STM32F10x\Include -I..\Libraries\CMSIS\Include -O0 -ffunction-sections -fdata-sections -g -Wall -o src\system_stm32f10x.o ..\src\system_stm32f10x.c 
arm-atollic-eabi-gcc -c -mthumb -mcpu=cortex-m3 -std=gnu90 -DSTM32F10X_MD -DUSE_STDPERIPH_DRIVER -I../src -I..\Libraries\STM32F10x_StdPeriph_Driver\inc -I..\Libraries\CMSIS\Device\ST\STM32F10x\Include -I..\Libraries\CMSIS\Include -O0 -ffunction-sections -fdata-sections -g -Wall -o Libraries\STM32F10x_StdPeriph_Driver\src\stm32f10x_gpio.o ..\Libraries\STM32F10x_StdPeriph_Driver\src\stm32f10x_gpio.c 
arm-atollic-eabi-gcc -c -mthumb -mcpu=cortex-m3 -std=gnu90 -DSTM32F10X_MD -DUSE_STDPERIPH_DRIVER -I../src -I..\Libraries\STM32F10x_StdPeriph_Driver\inc -I..\Libraries\CMSIS\Device\ST\STM32F10x\Include -I..\Libraries\CMSIS\Include -O0 -ffunction-sections -fdata-sections -g -Wall -o Libraries\STM32F10x_StdPeriph_Driver\src\stm32f10x_adc.o ..\Libraries\STM32F10x_StdPeriph_Driver\src\stm32f10x_adc.c 
arm-atollic-eabi-gcc -c -mthumb -mcpu=cortex-m3 -std=gnu90 -DSTM32F10X_MD -DUSE_STDPERIPH_DRIVER -I../src -I..\Libraries\STM32F10x_StdPeriph_Driver\inc -I..\Libraries\CMSIS\Device\ST\STM32F10x\Include -I..\Libraries\CMSIS\Include -O0 -ffunction-sections -fdata-sections -g -Wall -o Libraries\STM32F10x_StdPeriph_Driver\src\stm32f10x_fsmc.o ..\Libraries\STM32F10x_StdPeriph_Driver\src\stm32f10x_fsmc.c 
arm-atollic-eabi-gcc -c -mthumb -mcpu=cortex-m3 -std=gnu90 -DSTM32F10X_MD -DUSE_STDPERIPH_DRIVER -I../src -I..\Libraries\STM32F10x_StdPeriph_Driver\inc -I..\Libraries\CMSIS\Device\ST\STM32F10x\Include -I..\Libraries\CMSIS\Include -O0 -ffunction-sections -fdata-sections -g -Wall -o src\motor.o ..\src\motor.c 
..\src\motor.c: In function 'initializeDirectionOutput':
..\src\motor.c:59:17: error: 'GPIO_PIN_7' undeclared (first use in this function)
..\src\motor.c:59:17: note: each undeclared identifier is reported only once for each function it appears in
..\src\motor.c:62:17: error: 'GPIO_PIN_9' undeclared (first use in this function)
19:22:40 **** Incremental Build of configuration Debug for project SynerGolf ****
Info: Internal Builder is used for build
arm-atollic-eabi-gcc -c -mthumb -mcpu=cortex-m3 -std=gnu90 -DSTM32F10X_MD -DUSE_STDPERIPH_DRIVER -I../src -I..\Libraries\STM32F10x_StdPeriph_Driver\inc -I..\Libraries\CMSIS\Device\ST\STM32F10x\Include -I..\Libraries\CMSIS\Include -O0 -ffunction-sections -fdata-sections -g -Wall -o Libraries\STM32F10x_StdPeriph_Driver\src\stm32f10x_rtc.o ..\Libraries\STM32F10x_StdPeriph_Driver\src\stm32f10x_rtc.c 
arm-atollic-eabi-gcc -c -mthumb -mcpu=cortex-m3 -std=gnu90 -DSTM32F10X_MD -DUSE_STDPERIPH_DRIVER -I../src -I..\Libraries\STM32F10x_StdPeriph_Driver\inc -I..\Libraries\CMSIS\Device\ST\STM32F10x\Include -I..\Libraries\CMSIS\Include -O0 -ffunction-sections -fdata-sections -g -Wall -o Libraries\STM32F10x_StdPeriph_Driver\src\stm32f10x_tim.o ..\Libraries\STM32F10x_StdPeriph_Driver\src\stm32f10x_tim.c 
arm-atollic-eabi-gcc -c -mthumb -mcpu=cortex-m3 -std=gnu90 -DSTM32F10X_MD -DUSE_STDPERIPH_DRIVER -I../src -I..\Libraries\STM32F10x_StdPeriph_Driver\inc -I..\Libraries\CMSIS\Device\ST\STM32F10x\Include -I..\Libraries\CMSIS\Include -O0 -ffunction-sections -fdata-sections -g -Wall -o Libraries\STM32F10x_StdPeriph_Driver\src\stm32f10x_spi.o ..\Libraries\STM32F10x_StdPeriph_Driver\src\stm32f10x_spi.c 
arm-atollic-eabi-gcc -c -mthumb -mcpu=cortex-m3 -std=gnu90 -DSTM32F10X_MD -DUSE_STDPERIPH_DRIVER -I../src -I..\Libraries\STM32F10x_StdPeriph_Driver\inc -I..\Libraries\CMSIS\Device\ST\STM32F10x\Include -I..\Libraries\CMSIS\Include -O0 -ffunction-sections -fdata-sections -g -Wall -o Libraries\STM32F10x_StdPeriph_Driver\src\stm32f10x_pwr.o ..\Libraries\STM32F10x_StdPeriph_Driver\src\stm32f10x_pwr.c 
arm-atollic-eabi-gcc -c -mthumb -mcpu=cortex-m3 -std=gnu90 -DSTM32F10X_MD -DUSE_STDPERIPH_DRIVER -I../src -I..\Libraries\STM32F10x_StdPeriph_Driver\inc -I..\Libraries\CMSIS\Device\ST\STM32F10x\Include -I..\Libraries\CMSIS\Include -O0 -ffunction-sections -fdata-sections -g -Wall -o src\LED.o ..\src\LED.c 
arm-atollic-eabi-gcc -c -mthumb -mcpu=cortex-m3 -std=gnu90 -DSTM32F10X_MD -DUSE_STDPERIPH_DRIVER -I../src -I..\Libraries\STM32F10x_StdPeriph_Driver\inc -I..\Libraries\CMSIS\Device\ST\STM32F10x\Include -I..\Libraries\CMSIS\Include -O0 -ffunction-sections -fdata-sections -g -Wall -o src\motor.o ..\src\motor.c 
..\src\motor.c: In function 'initializeDirectionOutput':
..\src\motor.c:60:17: error: 'GPIO_PIN_7' undeclared (first use in this function)
..\src\motor.c:60:17: note: each undeclared identifier is reported only once for each function it appears in
..\src\motor.c:63:17: error: 'GPIO_PIN_9' undeclared (first use in this function)
19:22:59 **** Incremental Build of configuration Debug for project SynerGolf ****
Info: Internal Builder is used for build
arm-atollic-eabi-gcc -c -mthumb -mcpu=cortex-m3 -g -Wa,--warn -x assembler-with-cpp -o src\startup_stm32f10x_md.o ..\src\startup_stm32f10x_md.s 
arm-atollic-eabi-gcc -c -mthumb -mcpu=cortex-m3 -std=gnu90 -DSTM32F10X_MD -DUSE_STDPERIPH_DRIVER -I../src -I..\Libraries\STM32F10x_StdPeriph_Driver\inc -I..\Libraries\CMSIS\Device\ST\STM32F10x\Include -I..\Libraries\CMSIS\Include -O0 -ffunction-sections -fdata-sections -g -Wall -o src\USART.o ..\src\USART.c 
arm-atollic-eabi-gcc -c -mthumb -mcpu=cortex-m3 -std=gnu90 -DSTM32F10X_MD -DUSE_STDPERIPH_DRIVER -I../src -I..\Libraries\STM32F10x_StdPeriph_Driver\inc -I..\Libraries\CMSIS\Device\ST\STM32F10x\Include -I..\Libraries\CMSIS\Include -O0 -ffunction-sections -fdata-sections -g -Wall -o Libraries\STM32F10x_StdPeriph_Driver\src\stm32f10x_wwdg.o ..\Libraries\STM32F10x_StdPeriph_Driver\src\stm32f10x_wwdg.c 
arm-atollic-eabi-gcc -c -mthumb -mcpu=cortex-m3 -std=gnu90 -DSTM32F10X_MD -DUSE_STDPERIPH_DRIVER -I../src -I..\Libraries\STM32F10x_StdPeriph_Driver\inc -I..\Libraries\CMSIS\Device\ST\STM32F10x\Include -I..\Libraries\CMSIS\Include -O0 -ffunction-sections -fdata-sections -g -Wall -o Libraries\STM32F10x_StdPeriph_Driver\src\stm32f10x_can.o ..\Libraries\STM32F10x_StdPeriph_Driver\src\stm32f10x_can.c 
arm-atollic-eabi-gcc -c -mthumb -mcpu=cortex-m3 -std=gnu90 -DSTM32F10X_MD -DUSE_STDPERIPH_DRIVER -I../src -I..\Libraries\STM32F10x_StdPeriph_Driver\inc -I..\Libraries\CMSIS\Device\ST\STM32F10x\Include -I..\Libraries\CMSIS\Include -O0 -ffunction-sections -fdata-sections -g -Wall -o Libraries\STM32F10x_StdPeriph_Driver\src\stm32f10x_flash.o ..\Libraries\STM32F10x_StdPeriph_Driver\src\stm32f10x_flash.c 
arm-atollic-eabi-gcc -c -mthumb -mcpu=cortex-m3 -std=gnu90 -DSTM32F10X_MD -DUSE_STDPERIPH_DRIVER -I../src -I..\Libraries\STM32F10x_StdPeriph_Driver\inc -I..\Libraries\CMSIS\Device\ST\STM32F10x\Include -I..\Libraries\CMSIS\Include -O0 -ffunction-sections -fdata-sections -g -Wall -o src\motor.o ..\src\motor.c 
..\src\motor.c: In function 'initializeDirectionOutput':
..\src\motor.c:64:17: error: 'GPIO_PIN_7' undeclared (first use in this function)
..\src\motor.c:64:17: note: each undeclared identifier is reported only once for each function it appears in
..\src\motor.c:67:17: error: 'GPIO_PIN_9' undeclared (first use in this function)
19:23:20 **** Rebuild of configuration Debug for project SynerGolf ****
Info: Internal Builder is used for build
arm-atollic-eabi-gcc -c -mthumb -mcpu=cortex-m3 -std=gnu90 -DSTM32F10X_MD -DUSE_STDPERIPH_DRIVER -I../src -I..\Libraries\STM32F10x_StdPeriph_Driver\inc -I..\Libraries\CMSIS\Device\ST\STM32F10x\Include -I..\Libraries\CMSIS\Include -O0 -ffunction-sections -fdata-sections -g -Wall -o Libraries\STM32F10x_StdPeriph_Driver\src\stm32f10x_tim.o ..\Libraries\STM32F10x_StdPeriph_Driver\src\stm32f10x_tim.c 
arm-atollic-eabi-gcc -c -mthumb -mcpu=cortex-m3 -std=gnu90 -DSTM32F10X_MD -DUSE_STDPERIPH_DRIVER -I../src -I..\Libraries\STM32F10x_StdPeriph_Driver\inc -I..\Libraries\CMSIS\Device\ST\STM32F10x\Include -I..\Libraries\CMSIS\Include -O0 -ffunction-sections -fdata-sections -g -Wall -o Libraries\STM32F10x_StdPeriph_Driver\src\stm32f10x_bkp.o ..\Libraries\STM32F10x_StdPeriph_Driver\src\stm32f10x_bkp.c 
arm-atollic-eabi-gcc -c -mthumb -mcpu=cortex-m3 -std=gnu90 -DSTM32F10X_MD -DUSE_STDPERIPH_DRIVER -I../src -I..\Libraries\STM32F10x_StdPeriph_Driver\inc -I..\Libraries\CMSIS\Device\ST\STM32F10x\Include -I..\Libraries\CMSIS\Include -O0 -ffunction-sections -fdata-sections -g -Wall -o Libraries\STM32F10x_StdPeriph_Driver\src\stm32f10x_fsmc.o ..\Libraries\STM32F10x_StdPeriph_Driver\src\stm32f10x_fsmc.c 
arm-atollic-eabi-gcc -c -mthumb -mcpu=cortex-m3 -std=gnu90 -DSTM32F10X_MD -DUSE_STDPERIPH_DRIVER -I../src -I..\Libraries\STM32F10x_StdPeriph_Driver\inc -I..\Libraries\CMSIS\Device\ST\STM32F10x\Include -I..\Libraries\CMSIS\Include -O0 -ffunction-sections -fdata-sections -g -Wall -o src\ADC.o ..\src\ADC.c 
arm-atollic-eabi-gcc -c -mthumb -mcpu=cortex-m3 -std=gnu90 -DSTM32F10X_MD -DUSE_STDPERIPH_DRIVER -I../src -I..\Libraries\STM32F10x_StdPeriph_Driver\inc -I..\Libraries\CMSIS\Device\ST\STM32F10x\Include -I..\Libraries\CMSIS\Include -O0 -ffunction-sections -fdata-sections -g -Wall -o Libraries\STM32F10x_StdPeriph_Driver\src\stm32f10x_i2c.o ..\Libraries\STM32F10x_StdPeriph_Driver\src\stm32f10x_i2c.c 
arm-atollic-eabi-gcc -c -mthumb -mcpu=cortex-m3 -std=gnu90 -DSTM32F10X_MD -DUSE_STDPERIPH_DRIVER -I../src -I..\Libraries\STM32F10x_StdPeriph_Driver\inc -I..\Libraries\CMSIS\Device\ST\STM32F10x\Include -I..\Libraries\CMSIS\Include -O0 -ffunction-sections -fdata-sections -g -Wall -o src\NVIC.o ..\src\NVIC.c 
arm-atollic-eabi-gcc -c -mthumb -mcpu=cortex-m3 -std=gnu90 -DSTM32F10X_MD -DUSE_STDPERIPH_DRIVER -I../src -I..\Libraries\STM32F10x_StdPeriph_Driver\inc -I..\Libraries\CMSIS\Device\ST\STM32F10x\Include -I..\Libraries\CMSIS\Include -O0 -ffunction-sections -fdata-sections -g -Wall -o src\I2C.o ..\src\I2C.c 
arm-atollic-eabi-gcc -c -mthumb -mcpu=cortex-m3 -std=gnu90 -DSTM32F10X_MD -DUSE_STDPERIPH_DRIVER -I../src -I..\Libraries\STM32F10x_StdPeriph_Driver\inc -I..\Libraries\CMSIS\Device\ST\STM32F10x\Include -I..\Libraries\CMSIS\Include -O0 -ffunction-sections -fdata-sections -g -Wall -o src\LED.o ..\src\LED.c 
arm-atollic-eabi-gcc -c -mthumb -mcpu=cortex-m3 -std=gnu90 -DSTM32F10X_MD -DUSE_STDPERIPH_DRIVER -I../src -I..\Libraries\STM32F10x_StdPeriph_Driver\inc -I..\Libraries\CMSIS\Device\ST\STM32F10x\Include -I..\Libraries\CMSIS\Include -O0 -ffunction-sections -fdata-sections -g -Wall -o src\main.o ..\src\main.c 
arm-atollic-eabi-gcc -c -mthumb -mcpu=cortex-m3 -std=gnu90 -DSTM32F10X_MD -DUSE_STDPERIPH_DRIVER -I../src -I..\Libraries\STM32F10x_StdPeriph_Driver\inc -I..\Libraries\CMSIS\Device\ST\STM32F10x\Include -I..\Libraries\CMSIS\Include -O0 -ffunction-sections -fdata-sections -g -Wall -o Libraries\STM32F10x_StdPeriph_Driver\src\misc.o ..\Libraries\STM32F10x_StdPeriph_Driver\src\misc.c 
arm-atollic-eabi-gcc -c -mthumb -mcpu=cortex-m3 -g -Wa,--warn -x assembler-with-cpp -o src\startup_stm32f10x_md.o ..\src\startup_stm32f10x_md.s 
arm-atollic-eabi-gcc -c -mthumb -mcpu=cortex-m3 -std=gnu90 -DSTM32F10X_MD -DUSE_STDPERIPH_DRIVER -I../src -I..\Libraries\STM32F10x_StdPeriph_Driver\inc -I..\Libraries\CMSIS\Device\ST\STM32F10x\Include -I..\Libraries\CMSIS\Include -O0 -ffunction-sections -fdata-sections -g -Wall -o Libraries\STM32F10x_StdPeriph_Driver\src\stm32f10x_rcc.o ..\Libraries\STM32F10x_StdPeriph_Driver\src\stm32f10x_rcc.c 
arm-atollic-eabi-gcc -c -mthumb -mcpu=cortex-m3 -std=gnu90 -DSTM32F10X_MD -DUSE_STDPERIPH_DRIVER -I../src -I..\Libraries\STM32F10x_StdPeriph_Driver\inc -I..\Libraries\CMSIS\Device\ST\STM32F10x\Include -I..\Libraries\CMSIS\Include -O0 -ffunction-sections -fdata-sections -g -Wall -o Libraries\STM32F10x_StdPeriph_Driver\src\stm32f10x_adc.o ..\Libraries\STM32F10x_StdPeriph_Driver\src\stm32f10x_adc.c 
arm-atollic-eabi-gcc -c -mthumb -mcpu=cortex-m3 -std=gnu90 -DSTM32F10X_MD -DUSE_STDPERIPH_DRIVER -I../src -I..\Libraries\STM32F10x_StdPeriph_Driver\inc -I..\Libraries\CMSIS\Device\ST\STM32F10x\Include -I..\Libraries\CMSIS\Include -O0 -ffunction-sections -fdata-sections -g -Wall -o src\APBClocks.o ..\src\APBClocks.c 
arm-atollic-eabi-gcc -c -mthumb -mcpu=cortex-m3 -std=gnu90 -DSTM32F10X_MD -DUSE_STDPERIPH_DRIVER -I../src -I..\Libraries\STM32F10x_StdPeriph_Driver\inc -I..\Libraries\CMSIS\Device\ST\STM32F10x\Include -I..\Libraries\CMSIS\Include -O0 -ffunction-sections -fdata-sections -g -Wall -o Libraries\STM32F10x_StdPeriph_Driver\src\stm32f10x_sdio.o ..\Libraries\STM32F10x_StdPeriph_Driver\src\stm32f10x_sdio.c 
arm-atollic-eabi-gcc -c -mthumb -mcpu=cortex-m3 -std=gnu90 -DSTM32F10X_MD -DUSE_STDPERIPH_DRIVER -I../src -I..\Libraries\STM32F10x_StdPeriph_Driver\inc -I..\Libraries\CMSIS\Device\ST\STM32F10x\Include -I..\Libraries\CMSIS\Include -O0 -ffunction-sections -fdata-sections -g -Wall -o Libraries\STM32F10x_StdPeriph_Driver\src\stm32f10x_dac.o ..\Libraries\STM32F10x_StdPeriph_Driver\src\stm32f10x_dac.c 
arm-atollic-eabi-gcc -c -mthumb -mcpu=cortex-m3 -std=gnu90 -DSTM32F10X_MD -DUSE_STDPERIPH_DRIVER -I../src -I..\Libraries\STM32F10x_StdPeriph_Driver\inc -I..\Libraries\CMSIS\Device\ST\STM32F10x\Include -I..\Libraries\CMSIS\Include -O0 -ffunction-sections -fdata-sections -g -Wall -o Libraries\STM32F10x_StdPeriph_Driver\src\stm32f10x_dma.o ..\Libraries\STM32F10x_StdPeriph_Driver\src\stm32f10x_dma.c 
arm-atollic-eabi-gcc -c -mthumb -mcpu=cortex-m3 -std=gnu90 -DSTM32F10X_MD -DUSE_STDPERIPH_DRIVER -I../src -I..\Libraries\STM32F10x_StdPeriph_Driver\inc -I..\Libraries\CMSIS\Device\ST\STM32F10x\Include -I..\Libraries\CMSIS\Include -O0 -ffunction-sections -fdata-sections -g -Wall -o Libraries\STM32F10x_StdPeriph_Driver\src\stm32f10x_usart.o ..\Libraries\STM32F10x_StdPeriph_Driver\src\stm32f10x_usart.c 
arm-atollic-eabi-gcc -c -mthumb -mcpu=cortex-m3 -std=gnu90 -DSTM32F10X_MD -DUSE_STDPERIPH_DRIVER -I../src -I..\Libraries\STM32F10x_StdPeriph_Driver\inc -I..\Libraries\CMSIS\Device\ST\STM32F10x\Include -I..\Libraries\CMSIS\Include -O0 -ffunction-sections -fdata-sections -g -Wall -o Libraries\STM32F10x_StdPeriph_Driver\src\stm32f10x_can.o ..\Libraries\STM32F10x_StdPeriph_Driver\src\stm32f10x_can.c 
arm-atollic-eabi-gcc -c -mthumb -mcpu=cortex-m3 -std=gnu90 -DSTM32F10X_MD -DUSE_STDPERIPH_DRIVER -I../src -I..\Libraries\STM32F10x_StdPeriph_Driver\inc -I..\Libraries\CMSIS\Device\ST\STM32F10x\Include -I..\Libraries\CMSIS\Include -O0 -ffunction-sections -fdata-sections -g -Wall -o src\motor.o ..\src\motor.c 
..\src\motor.c: In function 'initializeDirectionOutput':
..\src\motor.c:64:17: error: 'GPIO_PIN_7' undeclared (first use in this function)
..\src\motor.c:64:17: note: each undeclared identifier is reported only once for each function it appears in
..\src\motor.c:67:17: error: 'GPIO_PIN_9' undeclared (first use in this function)
19:26:37 **** Incremental Build of configuration Debug for project SynerGolf ****
Info: Internal Builder is used for build
arm-atollic-eabi-gcc -c -mthumb -mcpu=cortex-m3 -std=gnu90 -DSTM32F10X_MD -DUSE_STDPERIPH_DRIVER -I../src -I..\Libraries\STM32F10x_StdPeriph_Driver\inc -I..\Libraries\CMSIS\Device\ST\STM32F10x\Include -I..\Libraries\CMSIS\Include -O0 -ffunction-sections -fdata-sections -g -Wall -o src\motor.o ..\src\motor.c 
..\src\motor.c: In function 'initializeDirectionOutput':
..\src\motor.c:64:17: error: 'GPIO_PIN_7' undeclared (first use in this function)
..\src\motor.c:64:17: note: each undeclared identifier is reported only once for each function it appears in
..\src\motor.c:67:17: error: 'GPIO_PIN_9' undeclared (first use in this function)
19:29:54 **** Incremental Build of configuration Debug for project SynerGolf ****
Info: Internal Builder is used for build
arm-atollic-eabi-gcc -c -mthumb -mcpu=cortex-m3 -std=gnu90 -DSTM32F10X_MD -DUSE_STDPERIPH_DRIVER -I../src -I..\Libraries\STM32F10x_StdPeriph_Driver\inc -I..\Libraries\CMSIS\Device\ST\STM32F10x\Include -I..\Libraries\CMSIS\Include -O0 -ffunction-sections -fdata-sections -g -Wall -o src\ADC.o ..\src\ADC.c 
arm-atollic-eabi-gcc -c -mthumb -mcpu=cortex-m3 -std=gnu90 -DSTM32F10X_MD -DUSE_STDPERIPH_DRIVER -I../src -I..\Libraries\STM32F10x_StdPeriph_Driver\inc -I..\Libraries\CMSIS\Device\ST\STM32F10x\Include -I..\Libraries\CMSIS\Include -O0 -ffunction-sections -fdata-sections -g -Wall -o src\USART.o ..\src\USART.c 
arm-atollic-eabi-gcc -c -mthumb -mcpu=cortex-m3 -std=gnu90 -DSTM32F10X_MD -DUSE_STDPERIPH_DRIVER -I../src -I..\Libraries\STM32F10x_StdPeriph_Driver\inc -I..\Libraries\CMSIS\Device\ST\STM32F10x\Include -I..\Libraries\CMSIS\Include -O0 -ffunction-sections -fdata-sections -g -Wall -o src\main.o ..\src\main.c 
arm-atollic-eabi-gcc -c -mthumb -mcpu=cortex-m3 -std=gnu90 -DSTM32F10X_MD -DUSE_STDPERIPH_DRIVER -I../src -I..\Libraries\STM32F10x_StdPeriph_Driver\inc -I..\Libraries\CMSIS\Device\ST\STM32F10x\Include -I..\Libraries\CMSIS\Include -O0 -ffunction-sections -fdata-sections -g -Wall -o src\SysTick.o ..\src\SysTick.c 
arm-atollic-eabi-gcc -c -mthumb -mcpu=cortex-m3 -std=gnu90 -DSTM32F10X_MD -DUSE_STDPERIPH_DRIVER -I../src -I..\Libraries\STM32F10x_StdPeriph_Driver\inc -I..\Libraries\CMSIS\Device\ST\STM32F10x\Include -I..\Libraries\CMSIS\Include -O0 -ffunction-sections -fdata-sections -g -Wall -o src\LED.o ..\src\LED.c 
arm-atollic-eabi-gcc -c -mthumb -mcpu=cortex-m3 -std=gnu90 -DSTM32F10X_MD -DUSE_STDPERIPH_DRIVER -I../src -I..\Libraries\STM32F10x_StdPeriph_Driver\inc -I..\Libraries\CMSIS\Device\ST\STM32F10x\Include -I..\Libraries\CMSIS\Include -O0 -ffunction-sections -fdata-sections -g -Wall -o src\motor.o ..\src\motor.c 
..\src\motor.c:47:0: warning: "MOTOR1_EN1_PIN" redefined [enabled by default]
In file included from ..\src\motor.h:6:0,
                 from ..\src\motor.c:1:
..\src\PinDefines.h:38:0: note: this is the location of the previous definition
..\src\motor.c: In function 'initializeDirectionOutput':
..\src\motor.c:64:17: error: 'GPIO_PIN_7' undeclared (first use in this function)
..\src\motor.c:64:17: note: each undeclared identifier is reported only once for each function it appears in
..\src\motor.c:67:17: error: 'GPIO_PIN_9' undeclared (first use in this function)
19:30:06 **** Incremental Build of configuration Debug for project SynerGolf ****
Info: Internal Builder is used for build
arm-atollic-eabi-gcc -c -mthumb -mcpu=cortex-m3 -std=gnu90 -DSTM32F10X_MD -DUSE_STDPERIPH_DRIVER -I../src -I..\Libraries\STM32F10x_StdPeriph_Driver\inc -I..\Libraries\CMSIS\Device\ST\STM32F10x\Include -I..\Libraries\CMSIS\Include -O0 -ffunction-sections -fdata-sections -g -Wall -o src\motor.o ..\src\motor.c 
..\src\motor.c: In function 'initializeDirectionOutput':
..\src\motor.c:59:17: error: 'GPIO_PIN_5' undeclared (first use in this function)
..\src\motor.c:59:17: note: each undeclared identifier is reported only once for each function it appears in
..\src\motor.c:62:17: error: 'GPIO_PIN_9' undeclared (first use in this function)
19:30:48 **** Incremental Build of configuration Debug for project SynerGolf ****
Info: Internal Builder is used for build
arm-atollic-eabi-gcc -c -mthumb -mcpu=cortex-m3 -std=gnu90 -DSTM32F10X_MD -DUSE_STDPERIPH_DRIVER -I../src -I..\Libraries\STM32F10x_StdPeriph_Driver\inc -I..\Libraries\CMSIS\Device\ST\STM32F10x\Include -I..\Libraries\CMSIS\Include -O0 -ffunction-sections -fdata-sections -g -Wall -o src\motor.o ..\src\motor.c 
arm-atollic-eabi-gcc -c -mthumb -mcpu=cortex-m3 -std=gnu90 -DSTM32F10X_MD -DUSE_STDPERIPH_DRIVER -I../src -I..\Libraries\STM32F10x_StdPeriph_Driver\inc -I..\Libraries\CMSIS\Device\ST\STM32F10x\Include -I..\Libraries\CMSIS\Include -O0 -ffunction-sections -fdata-sections -g -Wall -o src\ADC.o ..\src\ADC.c 
arm-atollic-eabi-gcc -c -mthumb -mcpu=cortex-m3 -std=gnu90 -DSTM32F10X_MD -DUSE_STDPERIPH_DRIVER -I../src -I..\Libraries\STM32F10x_StdPeriph_Driver\inc -I..\Libraries\CMSIS\Device\ST\STM32F10x\Include -I..\Libraries\CMSIS\Include -O0 -ffunction-sections -fdata-sections -g -Wall -o src\I2C.o ..\src\I2C.c 
arm-atollic-eabi-gcc -c -mthumb -mcpu=cortex-m3 -std=gnu90 -DSTM32F10X_MD -DUSE_STDPERIPH_DRIVER -I../src -I..\Libraries\STM32F10x_StdPeriph_Driver\inc -I..\Libraries\CMSIS\Device\ST\STM32F10x\Include -I..\Libraries\CMSIS\Include -O0 -ffunction-sections -fdata-sections -g -Wall -o src\LED.o ..\src\LED.c 
arm-atollic-eabi-gcc -c -mthumb -mcpu=cortex-m3 -std=gnu90 -DSTM32F10X_MD -DUSE_STDPERIPH_DRIVER -I../src -I..\Libraries\STM32F10x_StdPeriph_Driver\inc -I..\Libraries\CMSIS\Device\ST\STM32F10x\Include -I..\Libraries\CMSIS\Include -O0 -ffunction-sections -fdata-sections -g -Wall -o src\USART.o ..\src\USART.c 
arm-atollic-eabi-gcc -c -mthumb -mcpu=cortex-m3 -std=gnu90 -DSTM32F10X_MD -DUSE_STDPERIPH_DRIVER -I../src -I..\Libraries\STM32F10x_StdPeriph_Driver\inc -I..\Libraries\CMSIS\Device\ST\STM32F10x\Include -I..\Libraries\CMSIS\Include -O0 -ffunction-sections -fdata-sections -g -Wall -o src\main.o ..\src\main.c 
arm-atollic-eabi-gcc -c -mthumb -mcpu=cortex-m3 -std=gnu90 -DSTM32F10X_MD -DUSE_STDPERIPH_DRIVER -I../src -I..\Libraries\STM32F10x_StdPeriph_Driver\inc -I..\Libraries\CMSIS\Device\ST\STM32F10x\Include -I..\Libraries\CMSIS\Include -O0 -ffunction-sections -fdata-sections -g -Wall -o src\SysTick.o ..\src\SysTick.c 
arm-atollic-eabi-gcc -c -mthumb -mcpu=cortex-m3 -std=gnu90 -DSTM32F10X_MD -DUSE_STDPERIPH_DRIVER -I../src -I..\Libraries\STM32F10x_StdPeriph_Driver\inc -I..\Libraries\CMSIS\Device\ST\STM32F10x\Include -I..\Libraries\CMSIS\Include -O0 -ffunction-sections -fdata-sections -g -Wall -o src\NVIC.o ..\src\NVIC.c 
arm-atollic-eabi-gcc src\tiny_printf.o src\system_stm32f10x.o src\startup_stm32f10x_md.o src\motor.o src\main.o src\USART.o src\SysTick.o src\NVIC.o src\LED.o src\I2C.o src\APBClocks.o src\ADC.o Libraries\STM32F10x_StdPeriph_Driver\src\stm32f10x_wwdg.o Libraries\STM32F10x_StdPeriph_Driver\src\stm32f10x_usart.o Libraries\STM32F10x_StdPeriph_Driver\src\stm32f10x_tim.o Libraries\STM32F10x_StdPeriph_Driver\src\stm32f10x_spi.o Libraries\STM32F10x_StdPeriph_Driver\src\stm32f10x_sdio.o Libraries\STM32F10x_StdPeriph_Driver\src\stm32f10x_rtc.o Libraries\STM32F10x_StdPeriph_Driver\src\stm32f10x_rcc.o Libraries\STM32F10x_StdPeriph_Driver\src\stm32f10x_pwr.o Libraries\STM32F10x_StdPeriph_Driver\src\stm32f10x_iwdg.o Libraries\STM32F10x_StdPeriph_Driver\src\stm32f10x_i2c.o Libraries\STM32F10x_StdPeriph_Driver\src\stm32f10x_gpio.o Libraries\STM32F10x_StdPeriph_Driver\src\stm32f10x_fsmc.o Libraries\STM32F10x_StdPeriph_Driver\src\stm32f10x_flash.o Libraries\STM32F10x_StdPeriph_Driver\src\stm32f10x_exti.o Libraries\STM32F10x_StdPeriph_Driver\src\stm32f10x_dma.o Libraries\STM32F10x_StdPeriph_Driver\src\stm32f10x_dbgmcu.o Libraries\STM32F10x_StdPeriph_Driver\src\stm32f10x_dac.o Libraries\STM32F10x_StdPeriph_Driver\src\stm32f10x_crc.o Libraries\STM32F10x_StdPeriph_Driver\src\stm32f10x_cec.o Libraries\STM32F10x_StdPeriph_Driver\src\stm32f10x_can.o Libraries\STM32F10x_StdPeriph_Driver\src\stm32f10x_bkp.o Libraries\STM32F10x_StdPeriph_Driver\src\stm32f10x_adc.o Libraries\STM32F10x_StdPeriph_Driver\src\misc.o -o SynerGolf.elf -mthumb -mcpu=cortex-m3 -T..\stm32_flash.ld -Wl,--start-group -lc -lm -Wl,--end-group -static -Wl,-cref,-u,Reset_Handler -Wl,-Map=SynerGolf.map -Wl,--gc-sections -Wl,--defsym=malloc_getpagesize_P=0x1000 
D:\Program Files (x86)\TrueSTUDIO for ARM Lite 5.0.0\ide\jre\bin\java -jar D:\Program Files (x86)\TrueSTUDIO for ARM Lite 5.0.0\Tools\arm-atollic-reports.jar convert hex sizeinfo SynerGolf.elf 
Generate build reports...
Converting build output to hex
Converting build output to hex done
Print size information
   text	   data	    bss	    dec	    hex	filename
   8848	     28	    296	   9172	   23d4	SynerGolf.elf
Print size information done
Generate build reports done
19:33:28 **** Incremental Build of configuration Debug for project SynerGolf ****
Info: Internal Builder is used for build
arm-atollic-eabi-gcc -c -mthumb -mcpu=cortex-m3 -std=gnu90 -DSTM32F10X_MD -DUSE_STDPERIPH_DRIVER -I../src -I..\Libraries\STM32F10x_StdPeriph_Driver\inc -I..\Libraries\CMSIS\Device\ST\STM32F10x\Include -I..\Libraries\CMSIS\Include -O0 -ffunction-sections -fdata-sections -g -Wall -o src\USART.o ..\src\USART.c 
arm-atollic-eabi-gcc -c -mthumb -mcpu=cortex-m3 -std=gnu90 -DSTM32F10X_MD -DUSE_STDPERIPH_DRIVER -I../src -I..\Libraries\STM32F10x_StdPeriph_Driver\inc -I..\Libraries\CMSIS\Device\ST\STM32F10x\Include -I..\Libraries\CMSIS\Include -O0 -ffunction-sections -fdata-sections -g -Wall -o src\motor.o ..\src\motor.c 
arm-atollic-eabi-gcc -c -mthumb -mcpu=cortex-m3 -std=gnu90 -DSTM32F10X_MD -DUSE_STDPERIPH_DRIVER -I../src -I..\Libraries\STM32F10x_StdPeriph_Driver\inc -I..\Libraries\CMSIS\Device\ST\STM32F10x\Include -I..\Libraries\CMSIS\Include -O0 -ffunction-sections -fdata-sections -g -Wall -o src\main.o ..\src\main.c 
arm-atollic-eabi-gcc -c -mthumb -mcpu=cortex-m3 -std=gnu90 -DSTM32F10X_MD -DUSE_STDPERIPH_DRIVER -I../src -I..\Libraries\STM32F10x_StdPeriph_Driver\inc -I..\Libraries\CMSIS\Device\ST\STM32F10x\Include -I..\Libraries\CMSIS\Include -O0 -ffunction-sections -fdata-sections -g -Wall -o src\SysTick.o ..\src\SysTick.c 
arm-atollic-eabi-gcc src\tiny_printf.o src\system_stm32f10x.o src\startup_stm32f10x_md.o src\motor.o src\main.o src\USART.o src\SysTick.o src\NVIC.o src\LED.o src\I2C.o src\APBClocks.o src\ADC.o Libraries\STM32F10x_StdPeriph_Driver\src\stm32f10x_wwdg.o Libraries\STM32F10x_StdPeriph_Driver\src\stm32f10x_usart.o Libraries\STM32F10x_StdPeriph_Driver\src\stm32f10x_tim.o Libraries\STM32F10x_StdPeriph_Driver\src\stm32f10x_spi.o Libraries\STM32F10x_StdPeriph_Driver\src\stm32f10x_sdio.o Libraries\STM32F10x_StdPeriph_Driver\src\stm32f10x_rtc.o Libraries\STM32F10x_StdPeriph_Driver\src\stm32f10x_rcc.o Libraries\STM32F10x_StdPeriph_Driver\src\stm32f10x_pwr.o Libraries\STM32F10x_StdPeriph_Driver\src\stm32f10x_iwdg.o Libraries\STM32F10x_StdPeriph_Driver\src\stm32f10x_i2c.o Libraries\STM32F10x_StdPeriph_Driver\src\stm32f10x_gpio.o Libraries\STM32F10x_StdPeriph_Driver\src\stm32f10x_fsmc.o Libraries\STM32F10x_StdPeriph_Driver\src\stm32f10x_flash.o Libraries\STM32F10x_StdPeriph_Driver\src\stm32f10x_exti.o Libraries\STM32F10x_StdPeriph_Driver\src\stm32f10x_dma.o Libraries\STM32F10x_StdPeriph_Driver\src\stm32f10x_dbgmcu.o Libraries\STM32F10x_StdPeriph_Driver\src\stm32f10x_dac.o Libraries\STM32F10x_StdPeriph_Driver\src\stm32f10x_crc.o Libraries\STM32F10x_StdPeriph_Driver\src\stm32f10x_cec.o Libraries\STM32F10x_StdPeriph_Driver\src\stm32f10x_can.o Libraries\STM32F10x_StdPeriph_Driver\src\stm32f10x_bkp.o Libraries\STM32F10x_StdPeriph_Driver\src\stm32f10x_adc.o Libraries\STM32F10x_StdPeriph_Driver\src\misc.o -o SynerGolf.elf -mthumb -mcpu=cortex-m3 -T..\stm32_flash.ld -Wl,--start-group -lc -lm -Wl,--end-group -static -Wl,-cref,-u,Reset_Handler -Wl,-Map=SynerGolf.map -Wl,--gc-sections -Wl,--defsym=malloc_getpagesize_P=0x1000 
D:\Program Files (x86)\TrueSTUDIO for ARM Lite 5.0.0\ide\jre\bin\java -jar D:\Program Files (x86)\TrueSTUDIO for ARM Lite 5.0.0\Tools\arm-atollic-reports.jar convert hex sizeinfo SynerGolf.elf 
Generate build reports...
Converting build output to hex
Converting build output to hex done
Print size information
   text	   data	    bss	    dec	    hex	filename
   8848	     28	    296	   9172	   23d4	SynerGolf.elf
Print size information done
Generate build reports done
19:34:10 **** Incremental Build of configuration Debug for project SynerGolf ****
Info: Internal Builder is used for build
arm-atollic-eabi-gcc -c -mthumb -mcpu=cortex-m3 -std=gnu90 -DSTM32F10X_MD -DUSE_STDPERIPH_DRIVER -I../src -I..\Libraries\STM32F10x_StdPeriph_Driver\inc -I..\Libraries\CMSIS\Device\ST\STM32F10x\Include -I..\Libraries\CMSIS\Include -O0 -ffunction-sections -fdata-sections -g -Wall -o src\SysTick.o ..\src\SysTick.c 
arm-atollic-eabi-gcc -c -mthumb -mcpu=cortex-m3 -std=gnu90 -DSTM32F10X_MD -DUSE_STDPERIPH_DRIVER -I../src -I..\Libraries\STM32F10x_StdPeriph_Driver\inc -I..\Libraries\CMSIS\Device\ST\STM32F10x\Include -I..\Libraries\CMSIS\Include -O0 -ffunction-sections -fdata-sections -g -Wall -o src\main.o ..\src\main.c 
arm-atollic-eabi-gcc -c -mthumb -mcpu=cortex-m3 -std=gnu90 -DSTM32F10X_MD -DUSE_STDPERIPH_DRIVER -I../src -I..\Libraries\STM32F10x_StdPeriph_Driver\inc -I..\Libraries\CMSIS\Device\ST\STM32F10x\Include -I..\Libraries\CMSIS\Include -O0 -ffunction-sections -fdata-sections -g -Wall -o src\USART.o ..\src\USART.c 
arm-atollic-eabi-gcc -c -mthumb -mcpu=cortex-m3 -std=gnu90 -DSTM32F10X_MD -DUSE_STDPERIPH_DRIVER -I../src -I..\Libraries\STM32F10x_StdPeriph_Driver\inc -I..\Libraries\CMSIS\Device\ST\STM32F10x\Include -I..\Libraries\CMSIS\Include -O0 -ffunction-sections -fdata-sections -g -Wall -o src\motor.o ..\src\motor.c 
arm-atollic-eabi-gcc src\tiny_printf.o src\system_stm32f10x.o src\startup_stm32f10x_md.o src\motor.o src\main.o src\USART.o src\SysTick.o src\NVIC.o src\LED.o src\I2C.o src\APBClocks.o src\ADC.o Libraries\STM32F10x_StdPeriph_Driver\src\stm32f10x_wwdg.o Libraries\STM32F10x_StdPeriph_Driver\src\stm32f10x_usart.o Libraries\STM32F10x_StdPeriph_Driver\src\stm32f10x_tim.o Libraries\STM32F10x_StdPeriph_Driver\src\stm32f10x_spi.o Libraries\STM32F10x_StdPeriph_Driver\src\stm32f10x_sdio.o Libraries\STM32F10x_StdPeriph_Driver\src\stm32f10x_rtc.o Libraries\STM32F10x_StdPeriph_Driver\src\stm32f10x_rcc.o Libraries\STM32F10x_StdPeriph_Driver\src\stm32f10x_pwr.o Libraries\STM32F10x_StdPeriph_Driver\src\stm32f10x_iwdg.o Libraries\STM32F10x_StdPeriph_Driver\src\stm32f10x_i2c.o Libraries\STM32F10x_StdPeriph_Driver\src\stm32f10x_gpio.o Libraries\STM32F10x_StdPeriph_Driver\src\stm32f10x_fsmc.o Libraries\STM32F10x_StdPeriph_Driver\src\stm32f10x_flash.o Libraries\STM32F10x_StdPeriph_Driver\src\stm32f10x_exti.o Libraries\STM32F10x_StdPeriph_Driver\src\stm32f10x_dma.o Libraries\STM32F10x_StdPeriph_Driver\src\stm32f10x_dbgmcu.o Libraries\STM32F10x_StdPeriph_Driver\src\stm32f10x_dac.o Libraries\STM32F10x_StdPeriph_Driver\src\stm32f10x_crc.o Libraries\STM32F10x_StdPeriph_Driver\src\stm32f10x_cec.o Libraries\STM32F10x_StdPeriph_Driver\src\stm32f10x_can.o Libraries\STM32F10x_StdPeriph_Driver\src\stm32f10x_bkp.o Libraries\STM32F10x_StdPeriph_Driver\src\stm32f10x_adc.o Libraries\STM32F10x_StdPeriph_Driver\src\misc.o -o SynerGolf.elf -mthumb -mcpu=cortex-m3 -T..\stm32_flash.ld -Wl,--start-group -lc -lm -Wl,--end-group -static -Wl,-cref,-u,Reset_Handler -Wl,-Map=SynerGolf.map -Wl,--gc-sections -Wl,--defsym=malloc_getpagesize_P=0x1000 
D:\Program Files (x86)\TrueSTUDIO for ARM Lite 5.0.0\ide\jre\bin\java -jar D:\Program Files (x86)\TrueSTUDIO for ARM Lite 5.0.0\Tools\arm-atollic-reports.jar convert hex sizeinfo SynerGolf.elf 
Generate build reports...
Converting build output to hex
Converting build output to hex done
Print size information
   text	   data	    bss	    dec	    hex	filename
   8880	     28	    296	   9204	   23f4	SynerGolf.elf
Print size information done
Generate build reports done
19:37:15 **** Incremental Build of configuration Debug for project SynerGolf ****
Info: Internal Builder is used for build
arm-atollic-eabi-gcc -c -mthumb -mcpu=cortex-m3 -std=gnu90 -DSTM32F10X_MD -DUSE_STDPERIPH_DRIVER -I../src -I..\Libraries\STM32F10x_StdPeriph_Driver\inc -I..\Libraries\CMSIS\Device\ST\STM32F10x\Include -I..\Libraries\CMSIS\Include -O0 -ffunction-sections -fdata-sections -g -Wall -o src\main.o ..\src\main.c 
arm-atollic-eabi-gcc src\tiny_printf.o src\system_stm32f10x.o src\startup_stm32f10x_md.o src\motor.o src\main.o src\USART.o src\SysTick.o src\NVIC.o src\LED.o src\I2C.o src\APBClocks.o src\ADC.o Libraries\STM32F10x_StdPeriph_Driver\src\stm32f10x_wwdg.o Libraries\STM32F10x_StdPeriph_Driver\src\stm32f10x_usart.o Libraries\STM32F10x_StdPeriph_Driver\src\stm32f10x_tim.o Libraries\STM32F10x_StdPeriph_Driver\src\stm32f10x_spi.o Libraries\STM32F10x_StdPeriph_Driver\src\stm32f10x_sdio.o Libraries\STM32F10x_StdPeriph_Driver\src\stm32f10x_rtc.o Libraries\STM32F10x_StdPeriph_Driver\src\stm32f10x_rcc.o Libraries\STM32F10x_StdPeriph_Driver\src\stm32f10x_pwr.o Libraries\STM32F10x_StdPeriph_Driver\src\stm32f10x_iwdg.o Libraries\STM32F10x_StdPeriph_Driver\src\stm32f10x_i2c.o Libraries\STM32F10x_StdPeriph_Driver\src\stm32f10x_gpio.o Libraries\STM32F10x_StdPeriph_Driver\src\stm32f10x_fsmc.o Libraries\STM32F10x_StdPeriph_Driver\src\stm32f10x_flash.o Libraries\STM32F10x_StdPeriph_Driver\src\stm32f10x_exti.o Libraries\STM32F10x_StdPeriph_Driver\src\stm32f10x_dma.o Libraries\STM32F10x_StdPeriph_Driver\src\stm32f10x_dbgmcu.o Libraries\STM32F10x_StdPeriph_Driver\src\stm32f10x_dac.o Libraries\STM32F10x_StdPeriph_Driver\src\stm32f10x_crc.o Libraries\STM32F10x_StdPeriph_Driver\src\stm32f10x_cec.o Libraries\STM32F10x_StdPeriph_Driver\src\stm32f10x_can.o Libraries\STM32F10x_StdPeriph_Driver\src\stm32f10x_bkp.o Libraries\STM32F10x_StdPeriph_Driver\src\stm32f10x_adc.o Libraries\STM32F10x_StdPeriph_Driver\src\misc.o -o SynerGolf.elf -mthumb -mcpu=cortex-m3 -T..\stm32_flash.ld -Wl,--start-group -lc -lm -Wl,--end-group -static -Wl,-cref,-u,Reset_Handler -Wl,-Map=SynerGolf.map -Wl,--gc-sections -Wl,--defsym=malloc_getpagesize_P=0x1000 
D:\Program Files (x86)\TrueSTUDIO for ARM Lite 5.0.0\ide\jre\bin\java -jar D:\Program Files (x86)\TrueSTUDIO for ARM Lite 5.0.0\Tools\arm-atollic-reports.jar convert hex sizeinfo SynerGolf.elf 
Generate build reports...
Converting build output to hex
Converting build output to hex done
Print size information
   text	   data	    bss	    dec	    hex	filename
   8848	     28	    296	   9172	   23d4	SynerGolf.elf
Print size information done
Generate build reports done
19:40:19 **** Incremental Build of configuration Debug for project SynerGolf ****
Info: Internal Builder is used for build
arm-atollic-eabi-gcc -c -mthumb -mcpu=cortex-m3 -std=gnu90 -DSTM32F10X_MD -DUSE_STDPERIPH_DRIVER -I../src -I..\Libraries\STM32F10x_StdPeriph_Driver\inc -I..\Libraries\CMSIS\Device\ST\STM32F10x\Include -I..\Libraries\CMSIS\Include -O0 -ffunction-sections -fdata-sections -g -Wall -o src\main.o ..\src\main.c 
arm-atollic-eabi-gcc -c -mthumb -mcpu=cortex-m3 -std=gnu90 -DSTM32F10X_MD -DUSE_STDPERIPH_DRIVER -I../src -I..\Libraries\STM32F10x_StdPeriph_Driver\inc -I..\Libraries\CMSIS\Device\ST\STM32F10x\Include -I..\Libraries\CMSIS\Include -O0 -ffunction-sections -fdata-sections -g -Wall -o src\motor.o ..\src\motor.c 
arm-atollic-eabi-gcc src\tiny_printf.o src\system_stm32f10x.o src\startup_stm32f10x_md.o src\motor.o src\main.o src\USART.o src\SysTick.o src\NVIC.o src\LED.o src\I2C.o src\APBClocks.o src\ADC.o Libraries\STM32F10x_StdPeriph_Driver\src\stm32f10x_wwdg.o Libraries\STM32F10x_StdPeriph_Driver\src\stm32f10x_usart.o Libraries\STM32F10x_StdPeriph_Driver\src\stm32f10x_tim.o Libraries\STM32F10x_StdPeriph_Driver\src\stm32f10x_spi.o Libraries\STM32F10x_StdPeriph_Driver\src\stm32f10x_sdio.o Libraries\STM32F10x_StdPeriph_Driver\src\stm32f10x_rtc.o Libraries\STM32F10x_StdPeriph_Driver\src\stm32f10x_rcc.o Libraries\STM32F10x_StdPeriph_Driver\src\stm32f10x_pwr.o Libraries\STM32F10x_StdPeriph_Driver\src\stm32f10x_iwdg.o Libraries\STM32F10x_StdPeriph_Driver\src\stm32f10x_i2c.o Libraries\STM32F10x_StdPeriph_Driver\src\stm32f10x_gpio.o Libraries\STM32F10x_StdPeriph_Driver\src\stm32f10x_fsmc.o Libraries\STM32F10x_StdPeriph_Driver\src\stm32f10x_flash.o Libraries\STM32F10x_StdPeriph_Driver\src\stm32f10x_exti.o Libraries\STM32F10x_StdPeriph_Driver\src\stm32f10x_dma.o Libraries\STM32F10x_StdPeriph_Driver\src\stm32f10x_dbgmcu.o Libraries\STM32F10x_StdPeriph_Driver\src\stm32f10x_dac.o Libraries\STM32F10x_StdPeriph_Driver\src\stm32f10x_crc.o Libraries\STM32F10x_StdPeriph_Driver\src\stm32f10x_cec.o Libraries\STM32F10x_StdPeriph_Driver\src\stm32f10x_can.o Libraries\STM32F10x_StdPeriph_Driver\src\stm32f10x_bkp.o Libraries\STM32F10x_StdPeriph_Driver\src\stm32f10x_adc.o Libraries\STM32F10x_StdPeriph_Driver\src\misc.o -o SynerGolf.elf -mthumb -mcpu=cortex-m3 -T..\stm32_flash.ld -Wl,--start-group -lc -lm -Wl,--end-group -static -Wl,-cref,-u,Reset_Handler -Wl,-Map=SynerGolf.map -Wl,--gc-sections -Wl,--defsym=malloc_getpagesize_P=0x1000 
D:\Program Files (x86)\TrueSTUDIO for ARM Lite 5.0.0\ide\jre\bin\java -jar D:\Program Files (x86)\TrueSTUDIO for ARM Lite 5.0.0\Tools\arm-atollic-reports.jar convert hex sizeinfo SynerGolf.elf 
Generate build reports...
Converting build output to hex
Converting build output to hex done
Print size information
   text	   data	    bss	    dec	    hex	filename
   8864	     28	    296	   9188	   23e4	SynerGolf.elf
Print size information done
Generate build reports done
19:50:00 **** Incremental Build of configuration Debug for project SynerGolf ****
Info: Internal Builder is used for build
arm-atollic-eabi-gcc -c -mthumb -mcpu=cortex-m3 -std=gnu90 -DSTM32F10X_MD -DUSE_STDPERIPH_DRIVER -I../src -I..\Libraries\STM32F10x_StdPeriph_Driver\inc -I..\Libraries\CMSIS\Device\ST\STM32F10x\Include -I..\Libraries\CMSIS\Include -O0 -ffunction-sections -fdata-sections -g -Wall -o src\main.o ..\src\main.c 
arm-atollic-eabi-gcc src\tiny_printf.o src\system_stm32f10x.o src\startup_stm32f10x_md.o src\motor.o src\main.o src\USART.o src\SysTick.o src\NVIC.o src\LED.o src\I2C.o src\APBClocks.o src\ADC.o Libraries\STM32F10x_StdPeriph_Driver\src\stm32f10x_wwdg.o Libraries\STM32F10x_StdPeriph_Driver\src\stm32f10x_usart.o Libraries\STM32F10x_StdPeriph_Driver\src\stm32f10x_tim.o Libraries\STM32F10x_StdPeriph_Driver\src\stm32f10x_spi.o Libraries\STM32F10x_StdPeriph_Driver\src\stm32f10x_sdio.o Libraries\STM32F10x_StdPeriph_Driver\src\stm32f10x_rtc.o Libraries\STM32F10x_StdPeriph_Driver\src\stm32f10x_rcc.o Libraries\STM32F10x_StdPeriph_Driver\src\stm32f10x_pwr.o Libraries\STM32F10x_StdPeriph_Driver\src\stm32f10x_iwdg.o Libraries\STM32F10x_StdPeriph_Driver\src\stm32f10x_i2c.o Libraries\STM32F10x_StdPeriph_Driver\src\stm32f10x_gpio.o Libraries\STM32F10x_StdPeriph_Driver\src\stm32f10x_fsmc.o Libraries\STM32F10x_StdPeriph_Driver\src\stm32f10x_flash.o Libraries\STM32F10x_StdPeriph_Driver\src\stm32f10x_exti.o Libraries\STM32F10x_StdPeriph_Driver\src\stm32f10x_dma.o Libraries\STM32F10x_StdPeriph_Driver\src\stm32f10x_dbgmcu.o Libraries\STM32F10x_StdPeriph_Driver\src\stm32f10x_dac.o Libraries\STM32F10x_StdPeriph_Driver\src\stm32f10x_crc.o Libraries\STM32F10x_StdPeriph_Driver\src\stm32f10x_cec.o Libraries\STM32F10x_StdPeriph_Driver\src\stm32f10x_can.o Libraries\STM32F10x_StdPeriph_Driver\src\stm32f10x_bkp.o Libraries\STM32F10x_StdPeriph_Driver\src\stm32f10x_adc.o Libraries\STM32F10x_StdPeriph_Driver\src\misc.o -o SynerGolf.elf -mthumb -mcpu=cortex-m3 -T..\stm32_flash.ld -Wl,--start-group -lc -lm -Wl,--end-group -static -Wl,-cref,-u,Reset_Handler -Wl,-Map=SynerGolf.map -Wl,--gc-sections -Wl,--defsym=malloc_getpagesize_P=0x1000 
D:\Program Files (x86)\TrueSTUDIO for ARM Lite 5.0.0\ide\jre\bin\java -jar D:\Program Files (x86)\TrueSTUDIO for ARM Lite 5.0.0\Tools\arm-atollic-reports.jar convert hex sizeinfo SynerGolf.elf 
Generate build reports...
Converting build output to hex
Converting build output to hex done
Print size information
   text	   data	    bss	    dec	    hex	filename
   8880	     28	    296	   9204	   23f4	SynerGolf.elf
Print size information done
Generate build reports done
20:26:50 **** Incremental Build of configuration Debug for project SynerGolf ****
Info: Internal Builder is used for build
arm-atollic-eabi-gcc -c -mthumb -mcpu=cortex-m3 -std=gnu90 -DSTM32F10X_MD -DUSE_STDPERIPH_DRIVER -I../src -I..\Libraries\STM32F10x_StdPeriph_Driver\inc -I..\Libraries\CMSIS\Device\ST\STM32F10x\Include -I..\Libraries\CMSIS\Include -O0 -ffunction-sections -fdata-sections -g -Wall -o src\main.o ..\src\main.c 
..\src\main.c: In function 'main':
..\src\main.c:51:6: error: 'MOTOR1' undeclared (first use in this function)
..\src\main.c:51:6: note: each undeclared identifier is reported only once for each function it appears in
..\src\main.c:53:5: error: expected ';' before '}' token
20:28:12 **** Incremental Build of configuration Debug for project SynerGolf ****
Info: Internal Builder is used for build
arm-atollic-eabi-gcc -c -mthumb -mcpu=cortex-m3 -std=gnu90 -DSTM32F10X_MD -DUSE_STDPERIPH_DRIVER -I../src -I..\Libraries\STM32F10x_StdPeriph_Driver\inc -I..\Libraries\CMSIS\Device\ST\STM32F10x\Include -I..\Libraries\CMSIS\Include -O0 -ffunction-sections -fdata-sections -g -Wall -o src\main.o ..\src\main.c 
arm-atollic-eabi-gcc -c -mthumb -mcpu=cortex-m3 -std=gnu90 -DSTM32F10X_MD -DUSE_STDPERIPH_DRIVER -I../src -I..\Libraries\STM32F10x_StdPeriph_Driver\inc -I..\Libraries\CMSIS\Device\ST\STM32F10x\Include -I..\Libraries\CMSIS\Include -O0 -ffunction-sections -fdata-sections -g -Wall -o src\SysTick.o ..\src\SysTick.c 
arm-atollic-eabi-gcc -c -mthumb -mcpu=cortex-m3 -std=gnu90 -DSTM32F10X_MD -DUSE_STDPERIPH_DRIVER -I../src -I..\Libraries\STM32F10x_StdPeriph_Driver\inc -I..\Libraries\CMSIS\Device\ST\STM32F10x\Include -I..\Libraries\CMSIS\Include -O0 -ffunction-sections -fdata-sections -g -Wall -o src\USART.o ..\src\USART.c 
arm-atollic-eabi-gcc -c -mthumb -mcpu=cortex-m3 -std=gnu90 -DSTM32F10X_MD -DUSE_STDPERIPH_DRIVER -I../src -I..\Libraries\STM32F10x_StdPeriph_Driver\inc -I..\Libraries\CMSIS\Device\ST\STM32F10x\Include -I..\Libraries\CMSIS\Include -O0 -ffunction-sections -fdata-sections -g -Wall -o src\motor.o ..\src\motor.c 
arm-atollic-eabi-gcc src\tiny_printf.o src\system_stm32f10x.o src\startup_stm32f10x_md.o src\motor.o src\main.o src\USART.o src\SysTick.o src\NVIC.o src\LED.o src\I2C.o src\APBClocks.o src\ADC.o Libraries\STM32F10x_StdPeriph_Driver\src\stm32f10x_wwdg.o Libraries\STM32F10x_StdPeriph_Driver\src\stm32f10x_usart.o Libraries\STM32F10x_StdPeriph_Driver\src\stm32f10x_tim.o Libraries\STM32F10x_StdPeriph_Driver\src\stm32f10x_spi.o Libraries\STM32F10x_StdPeriph_Driver\src\stm32f10x_sdio.o Libraries\STM32F10x_StdPeriph_Driver\src\stm32f10x_rtc.o Libraries\STM32F10x_StdPeriph_Driver\src\stm32f10x_rcc.o Libraries\STM32F10x_StdPeriph_Driver\src\stm32f10x_pwr.o Libraries\STM32F10x_StdPeriph_Driver\src\stm32f10x_iwdg.o Libraries\STM32F10x_StdPeriph_Driver\src\stm32f10x_i2c.o Libraries\STM32F10x_StdPeriph_Driver\src\stm32f10x_gpio.o Libraries\STM32F10x_StdPeriph_Driver\src\stm32f10x_fsmc.o Libraries\STM32F10x_StdPeriph_Driver\src\stm32f10x_flash.o Libraries\STM32F10x_StdPeriph_Driver\src\stm32f10x_exti.o Libraries\STM32F10x_StdPeriph_Driver\src\stm32f10x_dma.o Libraries\STM32F10x_StdPeriph_Driver\src\stm32f10x_dbgmcu.o Libraries\STM32F10x_StdPeriph_Driver\src\stm32f10x_dac.o Libraries\STM32F10x_StdPeriph_Driver\src\stm32f10x_crc.o Libraries\STM32F10x_StdPeriph_Driver\src\stm32f10x_cec.o Libraries\STM32F10x_StdPeriph_Driver\src\stm32f10x_can.o Libraries\STM32F10x_StdPeriph_Driver\src\stm32f10x_bkp.o Libraries\STM32F10x_StdPeriph_Driver\src\stm32f10x_adc.o Libraries\STM32F10x_StdPeriph_Driver\src\misc.o -o SynerGolf.elf -mthumb -mcpu=cortex-m3 -T..\stm32_flash.ld -Wl,--start-group -lc -lm -Wl,--end-group -static -Wl,-cref,-u,Reset_Handler -Wl,-Map=SynerGolf.map -Wl,--gc-sections -Wl,--defsym=malloc_getpagesize_P=0x1000 
D:\Program Files (x86)\TrueSTUDIO for ARM Lite 5.0.0\ide\jre\bin\java -jar D:\Program Files (x86)\TrueSTUDIO for ARM Lite 5.0.0\Tools\arm-atollic-reports.jar convert hex sizeinfo SynerGolf.elf 
Generate build reports...
Converting build output to hex
Converting build output to hex done
Print size information
   text	   data	    bss	    dec	    hex	filename
   8932	     28	    296	   9256	   2428	SynerGolf.elf
Print size information done
Generate build reports done
20:32:01 **** Incremental Build of configuration Debug for project SynerGolf ****
Info: Internal Builder is used for build
arm-atollic-eabi-gcc -c -mthumb -mcpu=cortex-m3 -std=gnu90 -DSTM32F10X_MD -DUSE_STDPERIPH_DRIVER -I../src -I..\Libraries\STM32F10x_StdPeriph_Driver\inc -I..\Libraries\CMSIS\Device\ST\STM32F10x\Include -I..\Libraries\CMSIS\Include -O0 -ffunction-sections -fdata-sections -g -Wall -o src\motor.o ..\src\motor.c 
arm-atollic-eabi-gcc src\tiny_printf.o src\system_stm32f10x.o src\startup_stm32f10x_md.o src\motor.o src\main.o src\USART.o src\SysTick.o src\NVIC.o src\LED.o src\I2C.o src\APBClocks.o src\ADC.o Libraries\STM32F10x_StdPeriph_Driver\src\stm32f10x_wwdg.o Libraries\STM32F10x_StdPeriph_Driver\src\stm32f10x_usart.o Libraries\STM32F10x_StdPeriph_Driver\src\stm32f10x_tim.o Libraries\STM32F10x_StdPeriph_Driver\src\stm32f10x_spi.o Libraries\STM32F10x_StdPeriph_Driver\src\stm32f10x_sdio.o Libraries\STM32F10x_StdPeriph_Driver\src\stm32f10x_rtc.o Libraries\STM32F10x_StdPeriph_Driver\src\stm32f10x_rcc.o Libraries\STM32F10x_StdPeriph_Driver\src\stm32f10x_pwr.o Libraries\STM32F10x_StdPeriph_Driver\src\stm32f10x_iwdg.o Libraries\STM32F10x_StdPeriph_Driver\src\stm32f10x_i2c.o Libraries\STM32F10x_StdPeriph_Driver\src\stm32f10x_gpio.o Libraries\STM32F10x_StdPeriph_Driver\src\stm32f10x_fsmc.o Libraries\STM32F10x_StdPeriph_Driver\src\stm32f10x_flash.o Libraries\STM32F10x_StdPeriph_Driver\src\stm32f10x_exti.o Libraries\STM32F10x_StdPeriph_Driver\src\stm32f10x_dma.o Libraries\STM32F10x_StdPeriph_Driver\src\stm32f10x_dbgmcu.o Libraries\STM32F10x_StdPeriph_Driver\src\stm32f10x_dac.o Libraries\STM32F10x_StdPeriph_Driver\src\stm32f10x_crc.o Libraries\STM32F10x_StdPeriph_Driver\src\stm32f10x_cec.o Libraries\STM32F10x_StdPeriph_Driver\src\stm32f10x_can.o Libraries\STM32F10x_StdPeriph_Driver\src\stm32f10x_bkp.o Libraries\STM32F10x_StdPeriph_Driver\src\stm32f10x_adc.o Libraries\STM32F10x_StdPeriph_Driver\src\misc.o -o SynerGolf.elf -mthumb -mcpu=cortex-m3 -T..\stm32_flash.ld -Wl,--start-group -lc -lm -Wl,--end-group -static -Wl,-cref,-u,Reset_Handler -Wl,-Map=SynerGolf.map -Wl,--gc-sections -Wl,--defsym=malloc_getpagesize_P=0x1000 
D:\Program Files (x86)\TrueSTUDIO for ARM Lite 5.0.0\ide\jre\bin\java -jar D:\Program Files (x86)\TrueSTUDIO for ARM Lite 5.0.0\Tools\arm-atollic-reports.jar convert hex sizeinfo SynerGolf.elf 
Generate build reports...
Converting build output to hex
Converting build output to hex done
Print size information
   text	   data	    bss	    dec	    hex	filename
   8860	     28	    296	   9184	   23e0	SynerGolf.elf
Print size information done
Generate build reports done
20:34:11 **** Incremental Build of configuration Debug for project SynerGolf ****
Info: Internal Builder is used for build
arm-atollic-eabi-gcc -c -mthumb -mcpu=cortex-m3 -std=gnu90 -DSTM32F10X_MD -DUSE_STDPERIPH_DRIVER -I../src -I..\Libraries\STM32F10x_StdPeriph_Driver\inc -I..\Libraries\CMSIS\Device\ST\STM32F10x\Include -I..\Libraries\CMSIS\Include -O0 -ffunction-sections -fdata-sections -g -Wall -o src\LED.o ..\src\LED.c 
arm-atollic-eabi-gcc -c -mthumb -mcpu=cortex-m3 -std=gnu90 -DSTM32F10X_MD -DUSE_STDPERIPH_DRIVER -I../src -I..\Libraries\STM32F10x_StdPeriph_Driver\inc -I..\Libraries\CMSIS\Device\ST\STM32F10x\Include -I..\Libraries\CMSIS\Include -O0 -ffunction-sections -fdata-sections -g -Wall -o src\NVIC.o ..\src\NVIC.c 
arm-atollic-eabi-gcc -c -mthumb -mcpu=cortex-m3 -std=gnu90 -DSTM32F10X_MD -DUSE_STDPERIPH_DRIVER -I../src -I..\Libraries\STM32F10x_StdPeriph_Driver\inc -I..\Libraries\CMSIS\Device\ST\STM32F10x\Include -I..\Libraries\CMSIS\Include -O0 -ffunction-sections -fdata-sections -g -Wall -o src\main.o ..\src\main.c 
arm-atollic-eabi-gcc -c -mthumb -mcpu=cortex-m3 -std=gnu90 -DSTM32F10X_MD -DUSE_STDPERIPH_DRIVER -I../src -I..\Libraries\STM32F10x_StdPeriph_Driver\inc -I..\Libraries\CMSIS\Device\ST\STM32F10x\Include -I..\Libraries\CMSIS\Include -O0 -ffunction-sections -fdata-sections -g -Wall -o src\motor.o ..\src\motor.c 
arm-atollic-eabi-gcc -c -mthumb -mcpu=cortex-m3 -std=gnu90 -DSTM32F10X_MD -DUSE_STDPERIPH_DRIVER -I../src -I..\Libraries\STM32F10x_StdPeriph_Driver\inc -I..\Libraries\CMSIS\Device\ST\STM32F10x\Include -I..\Libraries\CMSIS\Include -O0 -ffunction-sections -fdata-sections -g -Wall -o src\USART.o ..\src\USART.c 
arm-atollic-eabi-gcc -c -mthumb -mcpu=cortex-m3 -std=gnu90 -DSTM32F10X_MD -DUSE_STDPERIPH_DRIVER -I../src -I..\Libraries\STM32F10x_StdPeriph_Driver\inc -I..\Libraries\CMSIS\Device\ST\STM32F10x\Include -I..\Libraries\CMSIS\Include -O0 -ffunction-sections -fdata-sections -g -Wall -o src\SysTick.o ..\src\SysTick.c 
arm-atollic-eabi-gcc -c -mthumb -mcpu=cortex-m3 -std=gnu90 -DSTM32F10X_MD -DUSE_STDPERIPH_DRIVER -I../src -I..\Libraries\STM32F10x_StdPeriph_Driver\inc -I..\Libraries\CMSIS\Device\ST\STM32F10x\Include -I..\Libraries\CMSIS\Include -O0 -ffunction-sections -fdata-sections -g -Wall -o src\I2C.o ..\src\I2C.c 
arm-atollic-eabi-gcc -c -mthumb -mcpu=cortex-m3 -std=gnu90 -DSTM32F10X_MD -DUSE_STDPERIPH_DRIVER -I../src -I..\Libraries\STM32F10x_StdPeriph_Driver\inc -I..\Libraries\CMSIS\Device\ST\STM32F10x\Include -I..\Libraries\CMSIS\Include -O0 -ffunction-sections -fdata-sections -g -Wall -o src\ADC.o ..\src\ADC.c 
arm-atollic-eabi-gcc src\tiny_printf.o src\system_stm32f10x.o src\startup_stm32f10x_md.o src\motor.o src\main.o src\USART.o src\SysTick.o src\NVIC.o src\LED.o src\I2C.o src\APBClocks.o src\ADC.o Libraries\STM32F10x_StdPeriph_Driver\src\stm32f10x_wwdg.o Libraries\STM32F10x_StdPeriph_Driver\src\stm32f10x_usart.o Libraries\STM32F10x_StdPeriph_Driver\src\stm32f10x_tim.o Libraries\STM32F10x_StdPeriph_Driver\src\stm32f10x_spi.o Libraries\STM32F10x_StdPeriph_Driver\src\stm32f10x_sdio.o Libraries\STM32F10x_StdPeriph_Driver\src\stm32f10x_rtc.o Libraries\STM32F10x_StdPeriph_Driver\src\stm32f10x_rcc.o Libraries\STM32F10x_StdPeriph_Driver\src\stm32f10x_pwr.o Libraries\STM32F10x_StdPeriph_Driver\src\stm32f10x_iwdg.o Libraries\STM32F10x_StdPeriph_Driver\src\stm32f10x_i2c.o Libraries\STM32F10x_StdPeriph_Driver\src\stm32f10x_gpio.o Libraries\STM32F10x_StdPeriph_Driver\src\stm32f10x_fsmc.o Libraries\STM32F10x_StdPeriph_Driver\src\stm32f10x_flash.o Libraries\STM32F10x_StdPeriph_Driver\src\stm32f10x_exti.o Libraries\STM32F10x_StdPeriph_Driver\src\stm32f10x_dma.o Libraries\STM32F10x_StdPeriph_Driver\src\stm32f10x_dbgmcu.o Libraries\STM32F10x_StdPeriph_Driver\src\stm32f10x_dac.o Libraries\STM32F10x_StdPeriph_Driver\src\stm32f10x_crc.o Libraries\STM32F10x_StdPeriph_Driver\src\stm32f10x_cec.o Libraries\STM32F10x_StdPeriph_Driver\src\stm32f10x_can.o Libraries\STM32F10x_StdPeriph_Driver\src\stm32f10x_bkp.o Libraries\STM32F10x_StdPeriph_Driver\src\stm32f10x_adc.o Libraries\STM32F10x_StdPeriph_Driver\src\misc.o -o SynerGolf.elf -mthumb -mcpu=cortex-m3 -T..\stm32_flash.ld -Wl,--start-group -lc -lm -Wl,--end-group -static -Wl,-cref,-u,Reset_Handler -Wl,-Map=SynerGolf.map -Wl,--gc-sections -Wl,--defsym=malloc_getpagesize_P=0x1000 
D:\Program Files (x86)\TrueSTUDIO for ARM Lite 5.0.0\ide\jre\bin\java -jar D:\Program Files (x86)\TrueSTUDIO for ARM Lite 5.0.0\Tools\arm-atollic-reports.jar convert hex sizeinfo SynerGolf.elf 
Generate build reports...
Converting build output to hex
Converting build output to hex done
Print size information
   text	   data	    bss	    dec	    hex	filename
   8860	     28	    296	   9184	   23e0	SynerGolf.elf
Print size information done
Generate build reports done
20:36:10 **** Incremental Build of configuration Debug for project SynerGolf ****
Info: Internal Builder is used for build
arm-atollic-eabi-gcc -c -mthumb -mcpu=cortex-m3 -std=gnu90 -DSTM32F10X_MD -DUSE_STDPERIPH_DRIVER -I../src -I..\Libraries\STM32F10x_StdPeriph_Driver\inc -I..\Libraries\CMSIS\Device\ST\STM32F10x\Include -I..\Libraries\CMSIS\Include -O0 -ffunction-sections -fdata-sections -g -Wall -o src\main.o ..\src\main.c 
arm-atollic-eabi-gcc src\tiny_printf.o src\system_stm32f10x.o src\startup_stm32f10x_md.o src\motor.o src\main.o src\USART.o src\SysTick.o src\NVIC.o src\LED.o src\I2C.o src\APBClocks.o src\ADC.o Libraries\STM32F10x_StdPeriph_Driver\src\stm32f10x_wwdg.o Libraries\STM32F10x_StdPeriph_Driver\src\stm32f10x_usart.o Libraries\STM32F10x_StdPeriph_Driver\src\stm32f10x_tim.o Libraries\STM32F10x_StdPeriph_Driver\src\stm32f10x_spi.o Libraries\STM32F10x_StdPeriph_Driver\src\stm32f10x_sdio.o Libraries\STM32F10x_StdPeriph_Driver\src\stm32f10x_rtc.o Libraries\STM32F10x_StdPeriph_Driver\src\stm32f10x_rcc.o Libraries\STM32F10x_StdPeriph_Driver\src\stm32f10x_pwr.o Libraries\STM32F10x_StdPeriph_Driver\src\stm32f10x_iwdg.o Libraries\STM32F10x_StdPeriph_Driver\src\stm32f10x_i2c.o Libraries\STM32F10x_StdPeriph_Driver\src\stm32f10x_gpio.o Libraries\STM32F10x_StdPeriph_Driver\src\stm32f10x_fsmc.o Libraries\STM32F10x_StdPeriph_Driver\src\stm32f10x_flash.o Libraries\STM32F10x_StdPeriph_Driver\src\stm32f10x_exti.o Libraries\STM32F10x_StdPeriph_Driver\src\stm32f10x_dma.o Libraries\STM32F10x_StdPeriph_Driver\src\stm32f10x_dbgmcu.o Libraries\STM32F10x_StdPeriph_Driver\src\stm32f10x_dac.o Libraries\STM32F10x_StdPeriph_Driver\src\stm32f10x_crc.o Libraries\STM32F10x_StdPeriph_Driver\src\stm32f10x_cec.o Libraries\STM32F10x_StdPeriph_Driver\src\stm32f10x_can.o Libraries\STM32F10x_StdPeriph_Driver\src\stm32f10x_bkp.o Libraries\STM32F10x_StdPeriph_Driver\src\stm32f10x_adc.o Libraries\STM32F10x_StdPeriph_Driver\src\misc.o -o SynerGolf.elf -mthumb -mcpu=cortex-m3 -T..\stm32_flash.ld -Wl,--start-group -lc -lm -Wl,--end-group -static -Wl,-cref,-u,Reset_Handler -Wl,-Map=SynerGolf.map -Wl,--gc-sections -Wl,--defsym=malloc_getpagesize_P=0x1000 
D:\Program Files (x86)\TrueSTUDIO for ARM Lite 5.0.0\ide\jre\bin\java -jar D:\Program Files (x86)\TrueSTUDIO for ARM Lite 5.0.0\Tools\arm-atollic-reports.jar convert hex sizeinfo SynerGolf.elf 
Generate build reports...
Converting build output to hex
Converting build output to hex done
Print size information
   text	   data	    bss	    dec	    hex	filename
   8860	     28	    296	   9184	   23e0	SynerGolf.elf
Print size information done
Generate build reports done
20:37:44 **** Incremental Build of configuration Debug for project SynerGolf ****
Info: Internal Builder is used for build
arm-atollic-eabi-gcc -c -mthumb -mcpu=cortex-m3 -std=gnu90 -DSTM32F10X_MD -DUSE_STDPERIPH_DRIVER -I../src -I..\Libraries\STM32F10x_StdPeriph_Driver\inc -I..\Libraries\CMSIS\Device\ST\STM32F10x\Include -I..\Libraries\CMSIS\Include -O0 -ffunction-sections -fdata-sections -g -Wall -o src\main.o ..\src\main.c 
arm-atollic-eabi-gcc src\tiny_printf.o src\system_stm32f10x.o src\startup_stm32f10x_md.o src\motor.o src\main.o src\USART.o src\SysTick.o src\NVIC.o src\LED.o src\I2C.o src\APBClocks.o src\ADC.o Libraries\STM32F10x_StdPeriph_Driver\src\stm32f10x_wwdg.o Libraries\STM32F10x_StdPeriph_Driver\src\stm32f10x_usart.o Libraries\STM32F10x_StdPeriph_Driver\src\stm32f10x_tim.o Libraries\STM32F10x_StdPeriph_Driver\src\stm32f10x_spi.o Libraries\STM32F10x_StdPeriph_Driver\src\stm32f10x_sdio.o Libraries\STM32F10x_StdPeriph_Driver\src\stm32f10x_rtc.o Libraries\STM32F10x_StdPeriph_Driver\src\stm32f10x_rcc.o Libraries\STM32F10x_StdPeriph_Driver\src\stm32f10x_pwr.o Libraries\STM32F10x_StdPeriph_Driver\src\stm32f10x_iwdg.o Libraries\STM32F10x_StdPeriph_Driver\src\stm32f10x_i2c.o Libraries\STM32F10x_StdPeriph_Driver\src\stm32f10x_gpio.o Libraries\STM32F10x_StdPeriph_Driver\src\stm32f10x_fsmc.o Libraries\STM32F10x_StdPeriph_Driver\src\stm32f10x_flash.o Libraries\STM32F10x_StdPeriph_Driver\src\stm32f10x_exti.o Libraries\STM32F10x_StdPeriph_Driver\src\stm32f10x_dma.o Libraries\STM32F10x_StdPeriph_Driver\src\stm32f10x_dbgmcu.o Libraries\STM32F10x_StdPeriph_Driver\src\stm32f10x_dac.o Libraries\STM32F10x_StdPeriph_Driver\src\stm32f10x_crc.o Libraries\STM32F10x_StdPeriph_Driver\src\stm32f10x_cec.o Libraries\STM32F10x_StdPeriph_Driver\src\stm32f10x_can.o Libraries\STM32F10x_StdPeriph_Driver\src\stm32f10x_bkp.o Libraries\STM32F10x_StdPeriph_Driver\src\stm32f10x_adc.o Libraries\STM32F10x_StdPeriph_Driver\src\misc.o -o SynerGolf.elf -mthumb -mcpu=cortex-m3 -T..\stm32_flash.ld -Wl,--start-group -lc -lm -Wl,--end-group -static -Wl,-cref,-u,Reset_Handler -Wl,-Map=SynerGolf.map -Wl,--gc-sections -Wl,--defsym=malloc_getpagesize_P=0x1000 
D:\Program Files (x86)\TrueSTUDIO for ARM Lite 5.0.0\ide\jre\bin\java -jar D:\Program Files (x86)\TrueSTUDIO for ARM Lite 5.0.0\Tools\arm-atollic-reports.jar convert hex sizeinfo SynerGolf.elf 
Generate build reports...
Converting build output to hex
Converting build output to hex done
Print size information
   text	   data	    bss	    dec	    hex	filename
   8808	     28	    296	   9132	   23ac	SynerGolf.elf
Print size information done
Generate build reports done
20:40:33 **** Incremental Build of configuration Debug for project SynerGolf ****
Info: Internal Builder is used for build
arm-atollic-eabi-gcc -c -mthumb -mcpu=cortex-m3 -std=gnu90 -DSTM32F10X_MD -DUSE_STDPERIPH_DRIVER -I../src -I..\Libraries\STM32F10x_StdPeriph_Driver\inc -I..\Libraries\CMSIS\Device\ST\STM32F10x\Include -I..\Libraries\CMSIS\Include -O0 -ffunction-sections -fdata-sections -g -Wall -o src\main.o ..\src\main.c 
arm-atollic-eabi-gcc src\tiny_printf.o src\system_stm32f10x.o src\startup_stm32f10x_md.o src\motor.o src\main.o src\USART.o src\SysTick.o src\NVIC.o src\LED.o src\I2C.o src\APBClocks.o src\ADC.o Libraries\STM32F10x_StdPeriph_Driver\src\stm32f10x_wwdg.o Libraries\STM32F10x_StdPeriph_Driver\src\stm32f10x_usart.o Libraries\STM32F10x_StdPeriph_Driver\src\stm32f10x_tim.o Libraries\STM32F10x_StdPeriph_Driver\src\stm32f10x_spi.o Libraries\STM32F10x_StdPeriph_Driver\src\stm32f10x_sdio.o Libraries\STM32F10x_StdPeriph_Driver\src\stm32f10x_rtc.o Libraries\STM32F10x_StdPeriph_Driver\src\stm32f10x_rcc.o Libraries\STM32F10x_StdPeriph_Driver\src\stm32f10x_pwr.o Libraries\STM32F10x_StdPeriph_Driver\src\stm32f10x_iwdg.o Libraries\STM32F10x_StdPeriph_Driver\src\stm32f10x_i2c.o Libraries\STM32F10x_StdPeriph_Driver\src\stm32f10x_gpio.o Libraries\STM32F10x_StdPeriph_Driver\src\stm32f10x_fsmc.o Libraries\STM32F10x_StdPeriph_Driver\src\stm32f10x_flash.o Libraries\STM32F10x_StdPeriph_Driver\src\stm32f10x_exti.o Libraries\STM32F10x_StdPeriph_Driver\src\stm32f10x_dma.o Libraries\STM32F10x_StdPeriph_Driver\src\stm32f10x_dbgmcu.o Libraries\STM32F10x_StdPeriph_Driver\src\stm32f10x_dac.o Libraries\STM32F10x_StdPeriph_Driver\src\stm32f10x_crc.o Libraries\STM32F10x_StdPeriph_Driver\src\stm32f10x_cec.o Libraries\STM32F10x_StdPeriph_Driver\src\stm32f10x_can.o Libraries\STM32F10x_StdPeriph_Driver\src\stm32f10x_bkp.o Libraries\STM32F10x_StdPeriph_Driver\src\stm32f10x_adc.o Libraries\STM32F10x_StdPeriph_Driver\src\misc.o -o SynerGolf.elf -mthumb -mcpu=cortex-m3 -T..\stm32_flash.ld -Wl,--start-group -lc -lm -Wl,--end-group -static -Wl,-cref,-u,Reset_Handler -Wl,-Map=SynerGolf.map -Wl,--gc-sections -Wl,--defsym=malloc_getpagesize_P=0x1000 
D:\Program Files (x86)\TrueSTUDIO for ARM Lite 5.0.0\ide\jre\bin\java -jar D:\Program Files (x86)\TrueSTUDIO for ARM Lite 5.0.0\Tools\arm-atollic-reports.jar convert hex sizeinfo SynerGolf.elf 
Generate build reports...
Converting build output to hex
Converting build output to hex done
Print size information
   text	   data	    bss	    dec	    hex	filename
   8860	     28	    296	   9184	   23e0	SynerGolf.elf
Print size information done
Generate build reports done
Info: Nothing to build for SynerGolf
20:42:31 **** Incremental Build of configuration Debug for project SynerGolf ****
Info: Internal Builder is used for build
arm-atollic-eabi-gcc -c -mthumb -mcpu=cortex-m3 -std=gnu90 -DSTM32F10X_MD -DUSE_STDPERIPH_DRIVER -I../src -I..\Libraries\STM32F10x_StdPeriph_Driver\inc -I..\Libraries\CMSIS\Device\ST\STM32F10x\Include -I..\Libraries\CMSIS\Include -O0 -ffunction-sections -fdata-sections -g -Wall -o src\main.o ..\src\main.c 
arm-atollic-eabi-gcc src\tiny_printf.o src\system_stm32f10x.o src\startup_stm32f10x_md.o src\motor.o src\main.o src\USART.o src\SysTick.o src\NVIC.o src\LED.o src\I2C.o src\APBClocks.o src\ADC.o Libraries\STM32F10x_StdPeriph_Driver\src\stm32f10x_wwdg.o Libraries\STM32F10x_StdPeriph_Driver\src\stm32f10x_usart.o Libraries\STM32F10x_StdPeriph_Driver\src\stm32f10x_tim.o Libraries\STM32F10x_StdPeriph_Driver\src\stm32f10x_spi.o Libraries\STM32F10x_StdPeriph_Driver\src\stm32f10x_sdio.o Libraries\STM32F10x_StdPeriph_Driver\src\stm32f10x_rtc.o Libraries\STM32F10x_StdPeriph_Driver\src\stm32f10x_rcc.o Libraries\STM32F10x_StdPeriph_Driver\src\stm32f10x_pwr.o Libraries\STM32F10x_StdPeriph_Driver\src\stm32f10x_iwdg.o Libraries\STM32F10x_StdPeriph_Driver\src\stm32f10x_i2c.o Libraries\STM32F10x_StdPeriph_Driver\src\stm32f10x_gpio.o Libraries\STM32F10x_StdPeriph_Driver\src\stm32f10x_fsmc.o Libraries\STM32F10x_StdPeriph_Driver\src\stm32f10x_flash.o Libraries\STM32F10x_StdPeriph_Driver\src\stm32f10x_exti.o Libraries\STM32F10x_StdPeriph_Driver\src\stm32f10x_dma.o Libraries\STM32F10x_StdPeriph_Driver\src\stm32f10x_dbgmcu.o Libraries\STM32F10x_StdPeriph_Driver\src\stm32f10x_dac.o Libraries\STM32F10x_StdPeriph_Driver\src\stm32f10x_crc.o Libraries\STM32F10x_StdPeriph_Driver\src\stm32f10x_cec.o Libraries\STM32F10x_StdPeriph_Driver\src\stm32f10x_can.o Libraries\STM32F10x_StdPeriph_Driver\src\stm32f10x_bkp.o Libraries\STM32F10x_StdPeriph_Driver\src\stm32f10x_adc.o Libraries\STM32F10x_StdPeriph_Driver\src\misc.o -o SynerGolf.elf -mthumb -mcpu=cortex-m3 -T..\stm32_flash.ld -Wl,--start-group -lc -lm -Wl,--end-group -static -Wl,-cref,-u,Reset_Handler -Wl,-Map=SynerGolf.map -Wl,--gc-sections -Wl,--defsym=malloc_getpagesize_P=0x1000 
D:\Program Files (x86)\TrueSTUDIO for ARM Lite 5.0.0\ide\jre\bin\java -jar D:\Program Files (x86)\TrueSTUDIO for ARM Lite 5.0.0\Tools\arm-atollic-reports.jar convert hex sizeinfo SynerGolf.elf 
Generate build reports...
Converting build output to hex
Converting build output to hex done
Print size information
   text	   data	    bss	    dec	    hex	filename
   8812	     28	    296	   9136	   23b0	SynerGolf.elf
Print size information done
Generate build reports done
20:43:26 **** Incremental Build of configuration Debug for project SynerGolf ****
Info: Internal Builder is used for build
arm-atollic-eabi-gcc -c -mthumb -mcpu=cortex-m3 -std=gnu90 -DSTM32F10X_MD -DUSE_STDPERIPH_DRIVER -I../src -I..\Libraries\STM32F10x_StdPeriph_Driver\inc -I..\Libraries\CMSIS\Device\ST\STM32F10x\Include -I..\Libraries\CMSIS\Include -O0 -ffunction-sections -fdata-sections -g -Wall -o src\main.o ..\src\main.c 
arm-atollic-eabi-gcc src\tiny_printf.o src\system_stm32f10x.o src\startup_stm32f10x_md.o src\motor.o src\main.o src\USART.o src\SysTick.o src\NVIC.o src\LED.o src\I2C.o src\APBClocks.o src\ADC.o Libraries\STM32F10x_StdPeriph_Driver\src\stm32f10x_wwdg.o Libraries\STM32F10x_StdPeriph_Driver\src\stm32f10x_usart.o Libraries\STM32F10x_StdPeriph_Driver\src\stm32f10x_tim.o Libraries\STM32F10x_StdPeriph_Driver\src\stm32f10x_spi.o Libraries\STM32F10x_StdPeriph_Driver\src\stm32f10x_sdio.o Libraries\STM32F10x_StdPeriph_Driver\src\stm32f10x_rtc.o Libraries\STM32F10x_StdPeriph_Driver\src\stm32f10x_rcc.o Libraries\STM32F10x_StdPeriph_Driver\src\stm32f10x_pwr.o Libraries\STM32F10x_StdPeriph_Driver\src\stm32f10x_iwdg.o Libraries\STM32F10x_StdPeriph_Driver\src\stm32f10x_i2c.o Libraries\STM32F10x_StdPeriph_Driver\src\stm32f10x_gpio.o Libraries\STM32F10x_StdPeriph_Driver\src\stm32f10x_fsmc.o Libraries\STM32F10x_StdPeriph_Driver\src\stm32f10x_flash.o Libraries\STM32F10x_StdPeriph_Driver\src\stm32f10x_exti.o Libraries\STM32F10x_StdPeriph_Driver\src\stm32f10x_dma.o Libraries\STM32F10x_StdPeriph_Driver\src\stm32f10x_dbgmcu.o Libraries\STM32F10x_StdPeriph_Driver\src\stm32f10x_dac.o Libraries\STM32F10x_StdPeriph_Driver\src\stm32f10x_crc.o Libraries\STM32F10x_StdPeriph_Driver\src\stm32f10x_cec.o Libraries\STM32F10x_StdPeriph_Driver\src\stm32f10x_can.o Libraries\STM32F10x_StdPeriph_Driver\src\stm32f10x_bkp.o Libraries\STM32F10x_StdPeriph_Driver\src\stm32f10x_adc.o Libraries\STM32F10x_StdPeriph_Driver\src\misc.o -o SynerGolf.elf -mthumb -mcpu=cortex-m3 -T..\stm32_flash.ld -Wl,--start-group -lc -lm -Wl,--end-group -static -Wl,-cref,-u,Reset_Handler -Wl,-Map=SynerGolf.map -Wl,--gc-sections -Wl,--defsym=malloc_getpagesize_P=0x1000 
D:\Program Files (x86)\TrueSTUDIO for ARM Lite 5.0.0\ide\jre\bin\java -jar D:\Program Files (x86)\TrueSTUDIO for ARM Lite 5.0.0\Tools\arm-atollic-reports.jar convert hex sizeinfo SynerGolf.elf 
Generate build reports...
Converting build output to hex
Converting build output to hex done
Print size information
   text	   data	    bss	    dec	    hex	filename
   8772	     28	    296	   9096	   2388	SynerGolf.elf
Print size information done
Generate build reports done
20:43:58 **** Incremental Build of configuration Debug for project SynerGolf ****
Info: Internal Builder is used for build
arm-atollic-eabi-gcc -c -mthumb -mcpu=cortex-m3 -std=gnu90 -DSTM32F10X_MD -DUSE_STDPERIPH_DRIVER -I../src -I..\Libraries\STM32F10x_StdPeriph_Driver\inc -I..\Libraries\CMSIS\Device\ST\STM32F10x\Include -I..\Libraries\CMSIS\Include -O0 -ffunction-sections -fdata-sections -g -Wall -o src\main.o ..\src\main.c 
arm-atollic-eabi-gcc src\tiny_printf.o src\system_stm32f10x.o src\startup_stm32f10x_md.o src\motor.o src\main.o src\USART.o src\SysTick.o src\NVIC.o src\LED.o src\I2C.o src\APBClocks.o src\ADC.o Libraries\STM32F10x_StdPeriph_Driver\src\stm32f10x_wwdg.o Libraries\STM32F10x_StdPeriph_Driver\src\stm32f10x_usart.o Libraries\STM32F10x_StdPeriph_Driver\src\stm32f10x_tim.o Libraries\STM32F10x_StdPeriph_Driver\src\stm32f10x_spi.o Libraries\STM32F10x_StdPeriph_Driver\src\stm32f10x_sdio.o Libraries\STM32F10x_StdPeriph_Driver\src\stm32f10x_rtc.o Libraries\STM32F10x_StdPeriph_Driver\src\stm32f10x_rcc.o Libraries\STM32F10x_StdPeriph_Driver\src\stm32f10x_pwr.o Libraries\STM32F10x_StdPeriph_Driver\src\stm32f10x_iwdg.o Libraries\STM32F10x_StdPeriph_Driver\src\stm32f10x_i2c.o Libraries\STM32F10x_StdPeriph_Driver\src\stm32f10x_gpio.o Libraries\STM32F10x_StdPeriph_Driver\src\stm32f10x_fsmc.o Libraries\STM32F10x_StdPeriph_Driver\src\stm32f10x_flash.o Libraries\STM32F10x_StdPeriph_Driver\src\stm32f10x_exti.o Libraries\STM32F10x_StdPeriph_Driver\src\stm32f10x_dma.o Libraries\STM32F10x_StdPeriph_Driver\src\stm32f10x_dbgmcu.o Libraries\STM32F10x_StdPeriph_Driver\src\stm32f10x_dac.o Libraries\STM32F10x_StdPeriph_Driver\src\stm32f10x_crc.o Libraries\STM32F10x_StdPeriph_Driver\src\stm32f10x_cec.o Libraries\STM32F10x_StdPeriph_Driver\src\stm32f10x_can.o Libraries\STM32F10x_StdPeriph_Driver\src\stm32f10x_bkp.o Libraries\STM32F10x_StdPeriph_Driver\src\stm32f10x_adc.o Libraries\STM32F10x_StdPeriph_Driver\src\misc.o -o SynerGolf.elf -mthumb -mcpu=cortex-m3 -T..\stm32_flash.ld -Wl,--start-group -lc -lm -Wl,--end-group -static -Wl,-cref,-u,Reset_Handler -Wl,-Map=SynerGolf.map -Wl,--gc-sections -Wl,--defsym=malloc_getpagesize_P=0x1000 
D:\Program Files (x86)\TrueSTUDIO for ARM Lite 5.0.0\ide\jre\bin\java -jar D:\Program Files (x86)\TrueSTUDIO for ARM Lite 5.0.0\Tools\arm-atollic-reports.jar convert hex sizeinfo SynerGolf.elf 
Generate build reports...
Converting build output to hex
Converting build output to hex done
Print size information
   text	   data	    bss	    dec	    hex	filename
   8772	     28	    296	   9096	   2388	SynerGolf.elf
Print size information done
Generate build reports done
20:44:26 **** Incremental Build of configuration Debug for project SynerGolf ****
Info: Internal Builder is used for build
arm-atollic-eabi-gcc -c -mthumb -mcpu=cortex-m3 -std=gnu90 -DSTM32F10X_MD -DUSE_STDPERIPH_DRIVER -I../src -I..\Libraries\STM32F10x_StdPeriph_Driver\inc -I..\Libraries\CMSIS\Device\ST\STM32F10x\Include -I..\Libraries\CMSIS\Include -O0 -ffunction-sections -fdata-sections -g -Wall -o src\main.o ..\src\main.c 
arm-atollic-eabi-gcc src\tiny_printf.o src\system_stm32f10x.o src\startup_stm32f10x_md.o src\motor.o src\main.o src\USART.o src\SysTick.o src\NVIC.o src\LED.o src\I2C.o src\APBClocks.o src\ADC.o Libraries\STM32F10x_StdPeriph_Driver\src\stm32f10x_wwdg.o Libraries\STM32F10x_StdPeriph_Driver\src\stm32f10x_usart.o Libraries\STM32F10x_StdPeriph_Driver\src\stm32f10x_tim.o Libraries\STM32F10x_StdPeriph_Driver\src\stm32f10x_spi.o Libraries\STM32F10x_StdPeriph_Driver\src\stm32f10x_sdio.o Libraries\STM32F10x_StdPeriph_Driver\src\stm32f10x_rtc.o Libraries\STM32F10x_StdPeriph_Driver\src\stm32f10x_rcc.o Libraries\STM32F10x_StdPeriph_Driver\src\stm32f10x_pwr.o Libraries\STM32F10x_StdPeriph_Driver\src\stm32f10x_iwdg.o Libraries\STM32F10x_StdPeriph_Driver\src\stm32f10x_i2c.o Libraries\STM32F10x_StdPeriph_Driver\src\stm32f10x_gpio.o Libraries\STM32F10x_StdPeriph_Driver\src\stm32f10x_fsmc.o Libraries\STM32F10x_StdPeriph_Driver\src\stm32f10x_flash.o Libraries\STM32F10x_StdPeriph_Driver\src\stm32f10x_exti.o Libraries\STM32F10x_StdPeriph_Driver\src\stm32f10x_dma.o Libraries\STM32F10x_StdPeriph_Driver\src\stm32f10x_dbgmcu.o Libraries\STM32F10x_StdPeriph_Driver\src\stm32f10x_dac.o Libraries\STM32F10x_StdPeriph_Driver\src\stm32f10x_crc.o Libraries\STM32F10x_StdPeriph_Driver\src\stm32f10x_cec.o Libraries\STM32F10x_StdPeriph_Driver\src\stm32f10x_can.o Libraries\STM32F10x_StdPeriph_Driver\src\stm32f10x_bkp.o Libraries\STM32F10x_StdPeriph_Driver\src\stm32f10x_adc.o Libraries\STM32F10x_StdPeriph_Driver\src\misc.o -o SynerGolf.elf -mthumb -mcpu=cortex-m3 -T..\stm32_flash.ld -Wl,--start-group -lc -lm -Wl,--end-group -static -Wl,-cref,-u,Reset_Handler -Wl,-Map=SynerGolf.map -Wl,--gc-sections -Wl,--defsym=malloc_getpagesize_P=0x1000 
D:\Program Files (x86)\TrueSTUDIO for ARM Lite 5.0.0\ide\jre\bin\java -jar D:\Program Files (x86)\TrueSTUDIO for ARM Lite 5.0.0\Tools\arm-atollic-reports.jar convert hex sizeinfo SynerGolf.elf 
Generate build reports...
Converting build output to hex
Converting build output to hex done
Print size information
   text	   data	    bss	    dec	    hex	filename
   8772	     28	    296	   9096	   2388	SynerGolf.elf
Print size information done
Generate build reports done
20:46:13 **** Incremental Build of configuration Debug for project SynerGolf ****
Info: Internal Builder is used for build
arm-atollic-eabi-gcc -c -mthumb -mcpu=cortex-m3 -std=gnu90 -DSTM32F10X_MD -DUSE_STDPERIPH_DRIVER -I../src -I..\Libraries\STM32F10x_StdPeriph_Driver\inc -I..\Libraries\CMSIS\Device\ST\STM32F10x\Include -I..\Libraries\CMSIS\Include -O0 -ffunction-sections -fdata-sections -g -Wall -o src\motor.o ..\src\motor.c 
[...]
arm-atollic-eabi-gcc -c -mthumb -mcpu=cortex-m3 -std=gnu90 -DSTM32F10X_MD -DUSE_STDPERIPH_DRIVER -I../src -I..\Libraries\STM32F10x_StdPeriph_Driver\inc -I..\Libraries\CMSIS\Device\ST\STM32F10x\Include -I..\Libraries\CMSIS\Include -O0 -ffunction-sections -fdata-sections -g -Wall -o src\SysTick.o ..\src\SysTick.c 
arm-atollic-eabi-gcc -c -mthumb -mcpu=cortex-m3 -std=gnu90 -DSTM32F10X_MD -DUSE_STDPERIPH_DRIVER -I../src -I..\Libraries\STM32F10x_StdPeriph_Driver\inc -I..\Libraries\CMSIS\Device\ST\STM32F10x\Include -I..\Libraries\CMSIS\Include -O0 -ffunction-sections -fdata-sections -g -Wall -o src\main.o ..\src\main.c 
arm-atollic-eabi-gcc src\tiny_printf.o src\system_stm32f10x.o src\startup_stm32f10x_md.o src\motor.o src\main.o src\USART.o src\SysTick.o src\NVIC.o src\LED.o src\I2C.o src\APBClocks.o src\ADC.o Libraries\STM32F10x_StdPeriph_Driver\src\stm32f10x_wwdg.o Libraries\STM32F10x_StdPeriph_Driver\src\stm32f10x_usart.o Libraries\STM32F10x_StdPeriph_Driver\src\stm32f10x_tim.o Libraries\STM32F10x_StdPeriph_Driver\src\stm32f10x_spi.o Libraries\STM32F10x_StdPeriph_Driver\src\stm32f10x_sdio.o Libraries\STM32F10x_StdPeriph_Driver\src\stm32f10x_rtc.o Libraries\STM32F10x_StdPeriph_Driver\src\stm32f10x_rcc.o Libraries\STM32F10x_StdPeriph_Driver\src\stm32f10x_pwr.o Libraries\STM32F10x_StdPeriph_Driver\src\stm32f10x_iwdg.o Libraries\STM32F10x_StdPeriph_Driver\src\stm32f10x_i2c.o Libraries\STM32F10x_StdPeriph_Driver\src\stm32f10x_gpio.o Libraries\STM32F10x_StdPeriph_Driver\src\stm32f10x_fsmc.o Libraries\STM32F10x_StdPeriph_Driver\src\stm32f10x_flash.o Libraries\STM32F10x_StdPeriph_Driver\src\stm32f10x_exti.o Libraries\STM32F10x_StdPeriph_Driver\src\stm32f10x_dma.o Libraries\STM32F10x_StdPeriph_Driver\src\stm32f10x_dbgmcu.o Libraries\STM32F10x_StdPeriph_Driver\src\stm32f10x_dac.o Libraries\STM32F10x_StdPeriph_Driver\src\stm32f10x_crc.o Libraries\STM32F10x_StdPeriph_Driver\src\stm32f10x_cec.o Libraries\STM32F10x_StdPeriph_Driver\src\stm32f10x_can.o Libraries\STM32F10x_StdPeriph_Driver\src\stm32f10x_bkp.o Libraries\STM32F10x_StdPeriph_Driver\src\stm32f10x_adc.o Libraries\STM32F10x_StdPeriph_Driver\src\misc.o -o SynerGolf.elf -mthumb -mcpu=cortex-m3 -T..\stm32_flash.ld -Wl,--start-group -lc -lm -Wl,--end-group -static -Wl,-cref,-u,Reset_Handler -Wl,-Map=SynerGolf.map -Wl,--gc-sections -Wl,--defsym=malloc_getpagesize_P=0x1000 
D:\Program Files (x86)\TrueSTUDIO for ARM Lite 5.0.0\ide\jre\bin\java -jar D:\Program Files (x86)\TrueSTUDIO for ARM Lite 5.0.0\Tools\arm-atollic-reports.jar convert hex sizeinfo SynerGolf.elf 
Generate build reports...
Converting build output to hex
Converting build output to hex done
Print size information
   text	   data	    bss	    dec	    hex	filename
   9028	     28	    300	   9356	   248c	SynerGolf.elf
Print size information done
Generate build reports done
Info: Nothing to build for SynerGolf
20:15:35 **** Incremental Build of configuration Debug for project SynerGolf ****
Info: Internal Builder is used for build
arm-atollic-eabi-gcc -c -mthumb -mcpu=cortex-m3 -std=gnu90 -DSTM32F10X_MD -DUSE_STDPERIPH_DRIVER -I../src -I..\Libraries\STM32F10x_StdPeriph_Driver\inc -I..\Libraries\CMSIS\Device\ST\STM32F10x\Include -I..\Libraries\CMSIS\Include -O0 -ffunction-sections -fdata-sections -g -Wall -o src\main.o ..\src\main.c 
arm-atollic-eabi-gcc src\tiny_printf.o src\system_stm32f10x.o src\startup_stm32f10x_md.o src\motor.o src\main.o src\USART.o src\SysTick.o src\NVIC.o src\LED.o src\I2C.o src\APBClocks.o src\ADC.o Libraries\STM32F10x_StdPeriph_Driver\src\stm32f10x_wwdg.o Libraries\STM32F10x_StdPeriph_Driver\src\stm32f10x_usart.o Libraries\STM32F10x_StdPeriph_Driver\src\stm32f10x_tim.o Libraries\STM32F10x_StdPeriph_Driver\src\stm32f10x_spi.o Libraries\STM32F10x_StdPeriph_Driver\src\stm32f10x_sdio.o Libraries\STM32F10x_StdPeriph_Driver\src\stm32f10x_rtc.o Libraries\STM32F10x_StdPeriph_Driver\src\stm32f10x_rcc.o Libraries\STM32F10x_StdPeriph_Driver\src\stm32f10x_pwr.o Libraries\STM32F10x_StdPeriph_Driver\src\stm32f10x_iwdg.o Libraries\STM32F10x_StdPeriph_Driver\src\stm32f10x_i2c.o Libraries\STM32F10x_StdPeriph_Driver\src\stm32f10x_gpio.o Libraries\STM32F10x_StdPeriph_Driver\src\stm32f10x_fsmc.o Libraries\STM32F10x_StdPeriph_Driver\src\stm32f10x_flash.o Libraries\STM32F10x_StdPeriph_Driver\src\stm32f10x_exti.o Libraries\STM32F10x_StdPeriph_Driver\src\stm32f10x_dma.o Libraries\STM32F10x_StdPeriph_Driver\src\stm32f10x_dbgmcu.o Libraries\STM32F10x_StdPeriph_Driver\src\stm32f10x_dac.o Libraries\STM32F10x_StdPeriph_Driver\src\stm32f10x_crc.o Libraries\STM32F10x_StdPeriph_Driver\src\stm32f10x_cec.o Libraries\STM32F10x_StdPeriph_Driver\src\stm32f10x_can.o Libraries\STM32F10x_StdPeriph_Driver\src\stm32f10x_bkp.o Libraries\STM32F10x_StdPeriph_Driver\src\stm32f10x_adc.o Libraries\STM32F10x_StdPeriph_Driver\src\misc.o -o SynerGolf.elf -mthumb -mcpu=cortex-m3 -T..\stm32_flash.ld -Wl,--start-group -lc -lm -Wl,--end-group -static -Wl,-cref,-u,Reset_Handler -Wl,-Map=SynerGolf.map -Wl,--gc-sections -Wl,--defsym=malloc_getpagesize_P=0x1000 
D:\Program Files (x86)\TrueSTUDIO for ARM Lite 5.0.0\ide\jre\bin\java -jar D:\Program Files (x86)\TrueSTUDIO for ARM Lite 5.0.0\Tools\arm-atollic-reports.jar convert hex sizeinfo SynerGolf.elf 
Generate build reports...
Converting build output to hex
Converting build output to hex done
Print size information
   text	   data	    bss	    dec	    hex	filename
   9124	     28	    300	   9452	   24ec	SynerGolf.elf
Print size information done
Generate build reports done
20:17:04 **** Incremental Build of configuration Debug for project SynerGolf ****
Info: Internal Builder is used for build
arm-atollic-eabi-gcc -c -mthumb -mcpu=cortex-m3 -std=gnu90 -DSTM32F10X_MD -DUSE_STDPERIPH_DRIVER -I../src -I..\Libraries\STM32F10x_StdPeriph_Driver\inc -I..\Libraries\CMSIS\Device\ST\STM32F10x\Include -I..\Libraries\CMSIS\Include -O0 -ffunction-sections -fdata-sections -g -Wall -o src\USART.o ..\src\USART.c 
arm-atollic-eabi-gcc -c -mthumb -mcpu=cortex-m3 -std=gnu90 -DSTM32F10X_MD -DUSE_STDPERIPH_DRIVER -I../src -I..\Libraries\STM32F10x_StdPeriph_Driver\inc -I..\Libraries\CMSIS\Device\ST\STM32F10x\Include -I..\Libraries\CMSIS\Include -O0 -ffunction-sections -fdata-sections -g -Wall -o src\main.o ..\src\main.c 
arm-atollic-eabi-gcc -c -mthumb -mcpu=cortex-m3 -std=gnu90 -DSTM32F10X_MD -DUSE_STDPERIPH_DRIVER -I../src -I..\Libraries\STM32F10x_StdPeriph_Driver\inc -I..\Libraries\CMSIS\Device\ST\STM32F10x\Include -I..\Libraries\CMSIS\Include -O0 -ffunction-sections -fdata-sections -g -Wall -o src\NVIC.o ..\src\NVIC.c 
arm-atollic-eabi-gcc -c -mthumb -mcpu=cortex-m3 -std=gnu90 -DSTM32F10X_MD -DUSE_STDPERIPH_DRIVER -I../src -I..\Libraries\STM32F10x_StdPeriph_Driver\inc -I..\Libraries\CMSIS\Device\ST\STM32F10x\Include -I..\Libraries\CMSIS\Include -O0 -ffunction-sections -fdata-sections -g -Wall -o src\motor.o ..\src\motor.c 
arm-atollic-eabi-gcc -c -mthumb -mcpu=cortex-m3 -std=gnu90 -DSTM32F10X_MD -DUSE_STDPERIPH_DRIVER -I../src -I..\Libraries\STM32F10x_StdPeriph_Driver\inc -I..\Libraries\CMSIS\Device\ST\STM32F10x\Include -I..\Libraries\CMSIS\Include -O0 -ffunction-sections -fdata-sections -g -Wall -o src\ADC.o ..\src\ADC.c 
arm-atollic-eabi-gcc -c -mthumb -mcpu=cortex-m3 -std=gnu90 -DSTM32F10X_MD -DUSE_STDPERIPH_DRIVER -I../src -I..\Libraries\STM32F10x_StdPeriph_Driver\inc -I..\Libraries\CMSIS\Device\ST\STM32F10x\Include -I..\Libraries\CMSIS\Include -O0 -ffunction-sections -fdata-sections -g -Wall -o src\SysTick.o ..\src\SysTick.c 
arm-atollic-eabi-gcc -c -mthumb -mcpu=cortex-m3 -std=gnu90 -DSTM32F10X_MD -DUSE_STDPERIPH_DRIVER -I../src -I..\Libraries\STM32F10x_StdPeriph_Driver\inc -I..\Libraries\CMSIS\Device\ST\STM32F10x\Include -I..\Libraries\CMSIS\Include -O0 -ffunction-sections -fdata-sections -g -Wall -o src\LED.o ..\src\LED.c 
arm-atollic-eabi-gcc -c -mthumb -mcpu=cortex-m3 -std=gnu90 -DSTM32F10X_MD -DUSE_STDPERIPH_DRIVER -I../src -I..\Libraries\STM32F10x_StdPeriph_Driver\inc -I..\Libraries\CMSIS\Device\ST\STM32F10x\Include -I..\Libraries\CMSIS\Include -O0 -ffunction-sections -fdata-sections -g -Wall -o src\I2C.o ..\src\I2C.c 
arm-atollic-eabi-gcc src\tiny_printf.o src\system_stm32f10x.o src\startup_stm32f10x_md.o src\motor.o src\main.o src\USART.o src\SysTick.o src\NVIC.o src\LED.o src\I2C.o src\APBClocks.o src\ADC.o Libraries\STM32F10x_StdPeriph_Driver\src\stm32f10x_wwdg.o Libraries\STM32F10x_StdPeriph_Driver\src\stm32f10x_usart.o Libraries\STM32F10x_StdPeriph_Driver\src\stm32f10x_tim.o Libraries\STM32F10x_StdPeriph_Driver\src\stm32f10x_spi.o Libraries\STM32F10x_StdPeriph_Driver\src\stm32f10x_sdio.o Libraries\STM32F10x_StdPeriph_Driver\src\stm32f10x_rtc.o Libraries\STM32F10x_StdPeriph_Driver\src\stm32f10x_rcc.o Libraries\STM32F10x_StdPeriph_Driver\src\stm32f10x_pwr.o Libraries\STM32F10x_StdPeriph_Driver\src\stm32f10x_iwdg.o Libraries\STM32F10x_StdPeriph_Driver\src\stm32f10x_i2c.o Libraries\STM32F10x_StdPeriph_Driver\src\stm32f10x_gpio.o Libraries\STM32F10x_StdPeriph_Driver\src\stm32f10x_fsmc.o Libraries\STM32F10x_StdPeriph_Driver\src\stm32f10x_flash.o Libraries\STM32F10x_StdPeriph_Driver\src\stm32f10x_exti.o Libraries\STM32F10x_StdPeriph_Driver\src\stm32f10x_dma.o Libraries\STM32F10x_StdPeriph_Driver\src\stm32f10x_dbgmcu.o Libraries\STM32F10x_StdPeriph_Driver\src\stm32f10x_dac.o Libraries\STM32F10x_StdPeriph_Driver\src\stm32f10x_crc.o Libraries\STM32F10x_StdPeriph_Driver\src\stm32f10x_cec.o Libraries\STM32F10x_StdPeriph_Driver\src\stm32f10x_can.o Libraries\STM32F10x_StdPeriph_Driver\src\stm32f10x_bkp.o Libraries\STM32F10x_StdPeriph_Driver\src\stm32f10x_adc.o Libraries\STM32F10x_StdPeriph_Driver\src\misc.o -o SynerGolf.elf -mthumb -mcpu=cortex-m3 -T..\stm32_flash.ld -Wl,--start-group -lc -lm -Wl,--end-group -static -Wl,-cref,-u,Reset_Handler -Wl,-Map=SynerGolf.map -Wl,--gc-sections -Wl,--defsym=malloc_getpagesize_P=0x1000 
D:\Program Files (x86)\TrueSTUDIO for ARM Lite 5.0.0\ide\jre\bin\java -jar D:\Program Files (x86)\TrueSTUDIO for ARM Lite 5.0.0\Tools\arm-atollic-reports.jar convert hex sizeinfo SynerGolf.elf 
Generate build reports...
Converting build output to hex
Converting build output to hex done
Print size information
   text	   data	    bss	    dec	    hex	filename
   9124	     28	    300	   9452	   24ec	SynerGolf.elf
Print size information done
Generate build reports done
Info: Nothing to build for SynerGolf
20:19:23 **** Incremental Build of configuration Debug for project SynerGolf ****
Info: Internal Builder is used for build
arm-atollic-eabi-gcc -c -mthumb -mcpu=cortex-m3 -std=gnu90 -DSTM32F10X_MD -DUSE_STDPERIPH_DRIVER -I../src -I..\Libraries\STM32F10x_StdPeriph_Driver\inc -I..\Libraries\CMSIS\Device\ST\STM32F10x\Include -I..\Libraries\CMSIS\Include -O0 -ffunction-sections -fdata-sections -g -Wall -o src\I2C.o ..\src\I2C.c 
arm-atollic-eabi-gcc -c -mthumb -mcpu=cortex-m3 -std=gnu90 -DSTM32F10X_MD -DUSE_STDPERIPH_DRIVER -I../src -I..\Libraries\STM32F10x_StdPeriph_Driver\inc -I..\Libraries\CMSIS\Device\ST\STM32F10x\Include -I..\Libraries\CMSIS\Include -O0 -ffunction-sections -fdata-sections -g -Wall -o src\motor.o ..\src\motor.c 
arm-atollic-eabi-gcc -c -mthumb -mcpu=cortex-m3 -std=gnu90 -DSTM32F10X_MD -DUSE_STDPERIPH_DRIVER -I../src -I..\Libraries\STM32F10x_StdPeriph_Driver\inc -I..\Libraries\CMSIS\Device\ST\STM32F10x\Include -I..\Libraries\CMSIS\Include -O0 -ffunction-sections -fdata-sections -g -Wall -o src\NVIC.o ..\src\NVIC.c 
arm-atollic-eabi-gcc -c -mthumb -mcpu=cortex-m3 -std=gnu90 -DSTM32F10X_MD -DUSE_STDPERIPH_DRIVER -I../src -I..\Libraries\STM32F10x_StdPeriph_Driver\inc -I..\Libraries\CMSIS\Device\ST\STM32F10x\Include -I..\Libraries\CMSIS\Include -O0 -ffunction-sections -fdata-sections -g -Wall -o src\main.o ..\src\main.c 
arm-atollic-eabi-gcc -c -mthumb -mcpu=cortex-m3 -std=gnu90 -DSTM32F10X_MD -DUSE_STDPERIPH_DRIVER -I../src -I..\Libraries\STM32F10x_StdPeriph_Driver\inc -I..\Libraries\CMSIS\Device\ST\STM32F10x\Include -I..\Libraries\CMSIS\Include -O0 -ffunction-sections -fdata-sections -g -Wall -o src\SysTick.o ..\src\SysTick.c 
arm-atollic-eabi-gcc -c -mthumb -mcpu=cortex-m3 -std=gnu90 -DSTM32F10X_MD -DUSE_STDPERIPH_DRIVER -I../src -I..\Libraries\STM32F10x_StdPeriph_Driver\inc -I..\Libraries\CMSIS\Device\ST\STM32F10x\Include -I..\Libraries\CMSIS\Include -O0 -ffunction-sections -fdata-sections -g -Wall -o src\ADC.o ..\src\ADC.c 
arm-atollic-eabi-gcc -c -mthumb -mcpu=cortex-m3 -std=gnu90 -DSTM32F10X_MD -DUSE_STDPERIPH_DRIVER -I../src -I..\Libraries\STM32F10x_StdPeriph_Driver\inc -I..\Libraries\CMSIS\Device\ST\STM32F10x\Include -I..\Libraries\CMSIS\Include -O0 -ffunction-sections -fdata-sections -g -Wall -o src\USART.o ..\src\USART.c 
arm-atollic-eabi-gcc -c -mthumb -mcpu=cortex-m3 -std=gnu90 -DSTM32F10X_MD -DUSE_STDPERIPH_DRIVER -I../src -I..\Libraries\STM32F10x_StdPeriph_Driver\inc -I..\Libraries\CMSIS\Device\ST\STM32F10x\Include -I..\Libraries\CMSIS\Include -O0 -ffunction-sections -fdata-sections -g -Wall -o src\LED.o ..\src\LED.c 
arm-atollic-eabi-gcc src\tiny_printf.o src\system_stm32f10x.o src\startup_stm32f10x_md.o src\motor.o src\main.o src\USART.o src\SysTick.o src\NVIC.o src\LED.o src\I2C.o src\APBClocks.o src\ADC.o Libraries\STM32F10x_StdPeriph_Driver\src\stm32f10x_wwdg.o Libraries\STM32F10x_StdPeriph_Driver\src\stm32f10x_usart.o Libraries\STM32F10x_StdPeriph_Driver\src\stm32f10x_tim.o Libraries\STM32F10x_StdPeriph_Driver\src\stm32f10x_spi.o Libraries\STM32F10x_StdPeriph_Driver\src\stm32f10x_sdio.o Libraries\STM32F10x_StdPeriph_Driver\src\stm32f10x_rtc.o Libraries\STM32F10x_StdPeriph_Driver\src\stm32f10x_rcc.o Libraries\STM32F10x_StdPeriph_Driver\src\stm32f10x_pwr.o Libraries\STM32F10x_StdPeriph_Driver\src\stm32f10x_iwdg.o Libraries\STM32F10x_StdPeriph_Driver\src\stm32f10x_i2c.o Libraries\STM32F10x_StdPeriph_Driver\src\stm32f10x_gpio.o Libraries\STM32F10x_StdPeriph_Driver\src\stm32f10x_fsmc.o Libraries\STM32F10x_StdPeriph_Driver\src\stm32f10x_flash.o Libraries\STM32F10x_StdPeriph_Driver\src\stm32f10x_exti.o Libraries\STM32F10x_StdPeriph_Driver\src\stm32f10x_dma.o Libraries\STM32F10x_StdPeriph_Driver\src\stm32f10x_dbgmcu.o Libraries\STM32F10x_StdPeriph_Driver\src\stm32f10x_dac.o Libraries\STM32F10x_StdPeriph_Driver\src\stm32f10x_crc.o Libraries\STM32F10x_StdPeriph_Driver\src\stm32f10x_cec.o Libraries\STM32F10x_StdPeriph_Driver\src\stm32f10x_can.o Libraries\STM32F10x_StdPeriph_Driver\src\stm32f10x_bkp.o Libraries\STM32F10x_StdPeriph_Driver\src\stm32f10x_adc.o Libraries\STM32F10x_StdPeriph_Driver\src\misc.o -o SynerGolf.elf -mthumb -mcpu=cortex-m3 -T..\stm32_flash.ld -Wl,--start-group -lc -lm -Wl,--end-group -static -Wl,-cref,-u,Reset_Handler -Wl,-Map=SynerGolf.map -Wl,--gc-sections -Wl,--defsym=malloc_getpagesize_P=0x1000 
D:\Program Files (x86)\TrueSTUDIO for ARM Lite 5.0.0\ide\jre\bin\java -jar D:\Program Files (x86)\TrueSTUDIO for ARM Lite 5.0.0\Tools\arm-atollic-reports.jar convert hex sizeinfo SynerGolf.elf 
Generate build reports...
Converting build output to hex
Converting build output to hex done
Print size information
   text	   data	    bss	    dec	    hex	filename
   9124	     28	    300	   9452	   24ec	SynerGolf.elf
Print size information done
Generate build reports done
20:24:34 **** Incremental Build of configuration Debug for project SynerGolf ****
Info: Internal Builder is used for build
arm-atollic-eabi-gcc -c -mthumb -mcpu=cortex-m3 -std=gnu90 -DSTM32F10X_MD -DUSE_STDPERIPH_DRIVER -I../src -I..\Libraries\STM32F10x_StdPeriph_Driver\inc -I..\Libraries\CMSIS\Device\ST\STM32F10x\Include -I..\Libraries\CMSIS\Include -O0 -ffunction-sections -fdata-sections -g -Wall -o src\ADC.o ..\src\ADC.c 
arm-atollic-eabi-gcc -c -mthumb -mcpu=cortex-m3 -std=gnu90 -DSTM32F10X_MD -DUSE_STDPERIPH_DRIVER -I../src -I..\Libraries\STM32F10x_StdPeriph_Driver\inc -I..\Libraries\CMSIS\Device\ST\STM32F10x\Include -I..\Libraries\CMSIS\Include -O0 -ffunction-sections -fdata-sections -g -Wall -o src\I2C.o ..\src\I2C.c 
arm-atollic-eabi-gcc -c -mthumb -mcpu=cortex-m3 -std=gnu90 -DSTM32F10X_MD -DUSE_STDPERIPH_DRIVER -I../src -I..\Libraries\STM32F10x_StdPeriph_Driver\inc -I..\Libraries\CMSIS\Device\ST\STM32F10x\Include -I..\Libraries\CMSIS\Include -O0 -ffunction-sections -fdata-sections -g -Wall -o src\SysTick.o ..\src\SysTick.c 
arm-atollic-eabi-gcc -c -mthumb -mcpu=cortex-m3 -std=gnu90 -DSTM32F10X_MD -DUSE_STDPERIPH_DRIVER -I../src -I..\Libraries\STM32F10x_StdPeriph_Driver\inc -I..\Libraries\CMSIS\Device\ST\STM32F10x\Include -I..\Libraries\CMSIS\Include -O0 -ffunction-sections -fdata-sections -g -Wall -o src\LED.o ..\src\LED.c 
arm-atollic-eabi-gcc -c -mthumb -mcpu=cortex-m3 -std=gnu90 -DSTM32F10X_MD -DUSE_STDPERIPH_DRIVER -I../src -I..\Libraries\STM32F10x_StdPeriph_Driver\inc -I..\Libraries\CMSIS\Device\ST\STM32F10x\Include -I..\Libraries\CMSIS\Include -O0 -ffunction-sections -fdata-sections -g -Wall -o src\main.o ..\src\main.c 
arm-atollic-eabi-gcc -c -mthumb -mcpu=cortex-m3 -std=gnu90 -DSTM32F10X_MD -DUSE_STDPERIPH_DRIVER -I../src -I..\Libraries\STM32F10x_StdPeriph_Driver\inc -I..\Libraries\CMSIS\Device\ST\STM32F10x\Include -I..\Libraries\CMSIS\Include -O0 -ffunction-sections -fdata-sections -g -Wall -o src\NVIC.o ..\src\NVIC.c 
arm-atollic-eabi-gcc -c -mthumb -mcpu=cortex-m3 -std=gnu90 -DSTM32F10X_MD -DUSE_STDPERIPH_DRIVER -I../src -I..\Libraries\STM32F10x_StdPeriph_Driver\inc -I..\Libraries\CMSIS\Device\ST\STM32F10x\Include -I..\Libraries\CMSIS\Include -O0 -ffunction-sections -fdata-sections -g -Wall -o src\motor.o ..\src\motor.c 
arm-atollic-eabi-gcc -c -mthumb -mcpu=cortex-m3 -std=gnu90 -DSTM32F10X_MD -DUSE_STDPERIPH_DRIVER -I../src -I..\Libraries\STM32F10x_StdPeriph_Driver\inc -I..\Libraries\CMSIS\Device\ST\STM32F10x\Include -I..\Libraries\CMSIS\Include -O0 -ffunction-sections -fdata-sections -g -Wall -o src\USART.o ..\src\USART.c 
arm-atollic-eabi-gcc src\tiny_printf.o src\system_stm32f10x.o src\startup_stm32f10x_md.o src\motor.o src\main.o src\USART.o src\SysTick.o src\NVIC.o src\LED.o src\I2C.o src\APBClocks.o src\ADC.o Libraries\STM32F10x_StdPeriph_Driver\src\stm32f10x_wwdg.o Libraries\STM32F10x_StdPeriph_Driver\src\stm32f10x_usart.o Libraries\STM32F10x_StdPeriph_Driver\src\stm32f10x_tim.o Libraries\STM32F10x_StdPeriph_Driver\src\stm32f10x_spi.o Libraries\STM32F10x_StdPeriph_Driver\src\stm32f10x_sdio.o Libraries\STM32F10x_StdPeriph_Driver\src\stm32f10x_rtc.o Libraries\STM32F10x_StdPeriph_Driver\src\stm32f10x_rcc.o Libraries\STM32F10x_StdPeriph_Driver\src\stm32f10x_pwr.o Libraries\STM32F10x_StdPeriph_Driver\src\stm32f10x_iwdg.o Libraries\STM32F10x_StdPeriph_Driver\src\stm32f10x_i2c.o Libraries\STM32F10x_StdPeriph_Driver\src\stm32f10x_gpio.o Libraries\STM32F10x_StdPeriph_Driver\src\stm32f10x_fsmc.o Libraries\STM32F10x_StdPeriph_Driver\src\stm32f10x_flash.o Libraries\STM32F10x_StdPeriph_Driver\src\stm32f10x_exti.o Libraries\STM32F10x_StdPeriph_Driver\src\stm32f10x_dma.o Libraries\STM32F10x_StdPeriph_Driver\src\stm32f10x_dbgmcu.o Libraries\STM32F10x_StdPeriph_Driver\src\stm32f10x_dac.o Libraries\STM32F10x_StdPeriph_Driver\src\stm32f10x_crc.o Libraries\STM32F10x_StdPeriph_Driver\src\stm32f10x_cec.o Libraries\STM32F10x_StdPeriph_Driver\src\stm32f10x_can.o Libraries\STM32F10x_StdPeriph_Driver\src\stm32f10x_bkp.o Libraries\STM32F10x_StdPeriph_Driver\src\stm32f10x_adc.o Libraries\STM32F10x_StdPeriph_Driver\src\misc.o -o SynerGolf.elf -mthumb -mcpu=cortex-m3 -T..\stm32_flash.ld -Wl,--start-group -lc -lm -Wl,--end-group -static -Wl,-cref,-u,Reset_Handler -Wl,-Map=SynerGolf.map -Wl,--gc-sections -Wl,--defsym=malloc_getpagesize_P=0x1000 
D:\Program Files (x86)\TrueSTUDIO for ARM Lite 5.0.0\ide\jre\bin\java -jar D:\Program Files (x86)\TrueSTUDIO for ARM Lite 5.0.0\Tools\arm-atollic-reports.jar convert hex sizeinfo SynerGolf.elf 
Generate build reports...
Converting build output to hex
Converting build output to hex done
Print size information
   text	   data	    bss	    dec	    hex	filename
   9124	     28	    300	   9452	   24ec	SynerGolf.elf
Print size information done
Generate build reports done
