12:31:05 **** Incremental Build of configuration Debug for project SynerGolf ****
Info: Internal Builder is used for build
arm-atollic-eabi-gcc -c -mthumb -mcpu=cortex-m3 -std=gnu90 -DSTM32F10X_MD -DUSE_STDPERIPH_DRIVER -I../src -I..\Libraries\STM32F10x_StdPeriph_Driver\inc -I..\Libraries\CMSIS\Device\ST\STM32F10x\Include -I..\Libraries\CMSIS\Include -O0 -ffunction-sections -fdata-sections -g -Wall -o src\motor.o ..\src\motor.c 
arm-atollic-eabi-gcc src\tiny_printf.o src\system_stm32f10x.o src\startup_stm32f10x_md.o src\motor.o src\main.o src\USART.o src\SysTick.o src\NVIC.o src\LED.o src\I2C.o src\APBClocks.o src\ADC.o Libraries\STM32F10x_StdPeriph_Driver\src\stm32f10x_wwdg.o Libraries\STM32F10x_StdPeriph_Driver\src\stm32f10x_usart.o Libraries\STM32F10x_StdPeriph_Driver\src\stm32f10x_tim.o Libraries\STM32F10x_StdPeriph_Driver\src\stm32f10x_spi.o Libraries\STM32F10x_StdPeriph_Driver\src\stm32f10x_sdio.o Libraries\STM32F10x_StdPeriph_Driver\src\stm32f10x_rtc.o Libraries\STM32F10x_StdPeriph_Driver\src\stm32f10x_rcc.o Libraries\STM32F10x_StdPeriph_Driver\src\stm32f10x_pwr.o Libraries\STM32F10x_StdPeriph_Driver\src\stm32f10x_iwdg.o Libraries\STM32F10x_StdPeriph_Driver\src\stm32f10x_i2c.o Libraries\STM32F10x_StdPeriph_Driver\src\stm32f10x_gpio.o Libraries\STM32F10x_StdPeriph_Driver\src\stm32f10x_fsmc.o Libraries\STM32F10x_StdPeriph_Driver\src\stm32f10x_flash.o Libraries\STM32F10x_StdPeriph_Driver\src\stm32f10x_exti.o Libraries\STM32F10x_StdPeriph_Driver\src\stm32f10x_dma.o Libraries\STM32F10x_StdPeriph_Driver\src\stm32f10x_dbgmcu.o Libraries\STM32F10x_StdPeriph_Driver\src\stm32f10x_dac.o Libraries\STM32F10x_StdPeriph_Driver\src\stm32f10x_crc.o Libraries\STM32F10x_StdPeriph_Driver\src\stm32f10x_cec.o Libraries\STM32F10x_StdPeriph_Driver\src\stm32f10x_can.o Libraries\STM32F10x_StdPeriph_Driver\src\stm32f10x_bkp.o Libraries\STM32F10x_StdPeriph_Driver\src\stm32f10x_adc.o Libraries\STM32F10x_StdPeriph_Driver\src\misc.o -o SynerGolf.elf -mthumb -mcpu=cortex-m3 -T..\stm32_flash.ld -Wl,--start-group -lc -lm -Wl,--end-group -static -Wl,-cref,-u,Reset_Handler -Wl,-Map=SynerGolf.map -Wl,--gc-sections -Wl,--defsym=malloc_getpagesize_P=0x1000 
D:\Program Files (x86)\TrueSTUDIO for ARM Lite 5.0.0\ide\jre\bin\java -jar D:\Program Files (x86)\TrueSTUDIO for ARM Lite 5.0.0\Tools\arm-atollic-reports.jar convert hex sizeinfo SynerGolf.elf 
Generate build reports...
Converting build output to hex
Converting build output to hex done
Print size information
   text	   data	    bss	    dec	    hex	filename
  10856	     28	    300	  11184	   2bb0	SynerGolf.elf
Print size information done
Generate build reports done

12:31:06 Build Finished (took 1s.302ms)

